Archive member included to satisfy reference by file (symbol)

C:/ST/STM32CubeIDE_1.19.0/STM32CubeIDE/plugins/com.st.stm32cube.ide.mcu.externaltools.gnu-tools-for-stm32.13.3.rel1.win32_1.0.0.202411081344/tools/bin/../lib/gcc/arm-none-eabi/13.3.1/../../../../arm-none-eabi/lib/thumb/v7e-m+fp/hard\libc_nano.a(libc_a-exit.o)
                              C:/ST/STM32CubeIDE_1.19.0/STM32CubeIDE/plugins/com.st.stm32cube.ide.mcu.externaltools.gnu-tools-for-stm32.13.3.rel1.win32_1.0.0.202411081344/tools/bin/../lib/gcc/arm-none-eabi/13.3.1/../../../../arm-none-eabi/lib/thumb/v7e-m+fp/hard/crt0.o (exit)
C:/ST/STM32CubeIDE_1.19.0/STM32CubeIDE/plugins/com.st.stm32cube.ide.mcu.externaltools.gnu-tools-for-stm32.13.3.rel1.win32_1.0.0.202411081344/tools/bin/../lib/gcc/arm-none-eabi/13.3.1/../../../../arm-none-eabi/lib/thumb/v7e-m+fp/hard\libc_nano.a(libc_a-findfp.o)
                              C:/ST/STM32CubeIDE_1.19.0/STM32CubeIDE/plugins/com.st.stm32cube.ide.mcu.externaltools.gnu-tools-for-stm32.13.3.rel1.win32_1.0.0.202411081344/tools/bin/../lib/gcc/arm-none-eabi/13.3.1/../../../../arm-none-eabi/lib/thumb/v7e-m+fp/hard\libc_nano.a(libc_a-exit.o) (__stdio_exit_handler)
C:/ST/STM32CubeIDE_1.19.0/STM32CubeIDE/plugins/com.st.stm32cube.ide.mcu.externaltools.gnu-tools-for-stm32.13.3.rel1.win32_1.0.0.202411081344/tools/bin/../lib/gcc/arm-none-eabi/13.3.1/../../../../arm-none-eabi/lib/thumb/v7e-m+fp/hard\libc_nano.a(libc_a-fwalk.o)
                              C:/ST/STM32CubeIDE_1.19.0/STM32CubeIDE/plugins/com.st.stm32cube.ide.mcu.externaltools.gnu-tools-for-stm32.13.3.rel1.win32_1.0.0.202411081344/tools/bin/../lib/gcc/arm-none-eabi/13.3.1/../../../../arm-none-eabi/lib/thumb/v7e-m+fp/hard\libc_nano.a(libc_a-findfp.o) (_fwalk_sglue)
C:/ST/STM32CubeIDE_1.19.0/STM32CubeIDE/plugins/com.st.stm32cube.ide.mcu.externaltools.gnu-tools-for-stm32.13.3.rel1.win32_1.0.0.202411081344/tools/bin/../lib/gcc/arm-none-eabi/13.3.1/../../../../arm-none-eabi/lib/thumb/v7e-m+fp/hard\libc_nano.a(libc_a-stdio.o)
                              C:/ST/STM32CubeIDE_1.19.0/STM32CubeIDE/plugins/com.st.stm32cube.ide.mcu.externaltools.gnu-tools-for-stm32.13.3.rel1.win32_1.0.0.202411081344/tools/bin/../lib/gcc/arm-none-eabi/13.3.1/../../../../arm-none-eabi/lib/thumb/v7e-m+fp/hard\libc_nano.a(libc_a-findfp.o) (__sread)
C:/ST/STM32CubeIDE_1.19.0/STM32CubeIDE/plugins/com.st.stm32cube.ide.mcu.externaltools.gnu-tools-for-stm32.13.3.rel1.win32_1.0.0.202411081344/tools/bin/../lib/gcc/arm-none-eabi/13.3.1/../../../../arm-none-eabi/lib/thumb/v7e-m+fp/hard\libc_nano.a(libc_a-memset.o)
                              C:/ST/STM32CubeIDE_1.19.0/STM32CubeIDE/plugins/com.st.stm32cube.ide.mcu.externaltools.gnu-tools-for-stm32.13.3.rel1.win32_1.0.0.202411081344/tools/bin/../lib/gcc/arm-none-eabi/13.3.1/../../../../arm-none-eabi/lib/thumb/v7e-m+fp/hard/crt0.o (memset)
C:/ST/STM32CubeIDE_1.19.0/STM32CubeIDE/plugins/com.st.stm32cube.ide.mcu.externaltools.gnu-tools-for-stm32.13.3.rel1.win32_1.0.0.202411081344/tools/bin/../lib/gcc/arm-none-eabi/13.3.1/../../../../arm-none-eabi/lib/thumb/v7e-m+fp/hard\libc_nano.a(libc_a-closer.o)
                              C:/ST/STM32CubeIDE_1.19.0/STM32CubeIDE/plugins/com.st.stm32cube.ide.mcu.externaltools.gnu-tools-for-stm32.13.3.rel1.win32_1.0.0.202411081344/tools/bin/../lib/gcc/arm-none-eabi/13.3.1/../../../../arm-none-eabi/lib/thumb/v7e-m+fp/hard\libc_nano.a(libc_a-stdio.o) (_close_r)
C:/ST/STM32CubeIDE_1.19.0/STM32CubeIDE/plugins/com.st.stm32cube.ide.mcu.externaltools.gnu-tools-for-stm32.13.3.rel1.win32_1.0.0.202411081344/tools/bin/../lib/gcc/arm-none-eabi/13.3.1/../../../../arm-none-eabi/lib/thumb/v7e-m+fp/hard\libc_nano.a(libc_a-reent.o)
                              C:/ST/STM32CubeIDE_1.19.0/STM32CubeIDE/plugins/com.st.stm32cube.ide.mcu.externaltools.gnu-tools-for-stm32.13.3.rel1.win32_1.0.0.202411081344/tools/bin/../lib/gcc/arm-none-eabi/13.3.1/../../../../arm-none-eabi/lib/thumb/v7e-m+fp/hard\libc_nano.a(libc_a-closer.o) (errno)
C:/ST/STM32CubeIDE_1.19.0/STM32CubeIDE/plugins/com.st.stm32cube.ide.mcu.externaltools.gnu-tools-for-stm32.13.3.rel1.win32_1.0.0.202411081344/tools/bin/../lib/gcc/arm-none-eabi/13.3.1/../../../../arm-none-eabi/lib/thumb/v7e-m+fp/hard\libc_nano.a(libc_a-impure.o)
                              C:/ST/STM32CubeIDE_1.19.0/STM32CubeIDE/plugins/com.st.stm32cube.ide.mcu.externaltools.gnu-tools-for-stm32.13.3.rel1.win32_1.0.0.202411081344/tools/bin/../lib/gcc/arm-none-eabi/13.3.1/../../../../arm-none-eabi/lib/thumb/v7e-m+fp/hard\libc_nano.a(libc_a-reent.o) (_impure_ptr)
C:/ST/STM32CubeIDE_1.19.0/STM32CubeIDE/plugins/com.st.stm32cube.ide.mcu.externaltools.gnu-tools-for-stm32.13.3.rel1.win32_1.0.0.202411081344/tools/bin/../lib/gcc/arm-none-eabi/13.3.1/../../../../arm-none-eabi/lib/thumb/v7e-m+fp/hard\libc_nano.a(libc_a-lseekr.o)
[...]
Memory Configuration

Name             Origin             Length             Attributes
RAM              0x20000000         0x00020000         xrw
FLASH            0x08000000         0x00080000         xr
*default*        0x00000000         0xffffffff

Linker script and memory map

LOAD C:/ST/STM32CubeIDE_1.19.0/STM32CubeIDE/plugins/com.st.stm32cube.ide.mcu.externaltools.gnu-tools-for-stm32.13.3.rel1.win32_1.0.0.202411081344/tools/bin/../lib/gcc/arm-none-eabi/13.3.1/thumb/v7e-m+fp/hard/crti.o
LOAD C:/ST/STM32CubeIDE_1.19.0/STM32CubeIDE/plugins/com.st.stm32cube.ide.mcu.externaltools.gnu-tools-for-stm32.13.3.rel1.win32_1.0.0.202411081344/tools/bin/../lib/gcc/arm-none-eabi/13.3.1/thumb/v7e-m+fp/hard/crtbegin.o
LOAD C:/ST/STM32CubeIDE_1.19.0/STM32CubeIDE/plugins/com.st.stm32cube.ide.mcu.externaltools.gnu-tools-for-stm32.13.3.rel1.win32_1.0.0.202411081344/tools/bin/../lib/gcc/arm-none-eabi/13.3.1/../../../../arm-none-eabi/lib/thumb/v7e-m+fp/hard/crt0.o
LOAD ./Core/Src/gpio.o
LOAD ./Core/Src/main.o
LOAD ./Core/Src/stm32f4xx_it.o
LOAD ./Core/Src/syscalls.o
LOAD ./Core/Src/sysmem.o
LOAD ./Core/Src/system_stm32f4xx.o
LOAD ./Core/Src/tim.o
LOAD ./Core/Src/usart.o
LOAD ./Core/Startup/startup_stm32f446retx.o
LOAD ./Drivers/STM32F4xx_HAL_Driver/stm32f4xx_ll_dma.o
LOAD ./Drivers/STM32F4xx_HAL_Driver/stm32f4xx_ll_exti.o
LOAD ./Drivers/STM32F4xx_HAL_Driver/stm32f4xx_ll_gpio.o
LOAD ./Drivers/STM32F4xx_HAL_Driver/stm32f4xx_ll_rcc.o
LOAD ./Drivers/STM32F4xx_HAL_Driver/stm32f4xx_ll_tim.o
LOAD ./Drivers/STM32F4xx_HAL_Driver/stm32f4xx_ll_usart.o
LOAD ./Drivers/STM32F4xx_HAL_Driver/stm32f4xx_ll_utils.o
START GROUP
LOAD C:/ST/STM32CubeIDE_1.19.0/STM32CubeIDE/plugins/com.st.stm32cube.ide.mcu.externaltools.gnu-tools-for-stm32.13.3.rel1.win32_1.0.0.202411081344/tools/bin/../lib/gcc/arm-none-eabi/13.3.1/../../../../arm-none-eabi/lib/thumb/v7e-m+fp/hard\libc_nano.a
LOAD C:/ST/STM32CubeIDE_1.19.0/STM32CubeIDE/plugins/com.st.stm32cube.ide.mcu.externaltools.gnu-tools-for-stm32.13.3.rel1.win32_1.0.0.202411081344/tools/bin/../lib/gcc/arm-none-eabi/13.3.1/../../../../arm-none-eabi/lib/thumb/v7e-m+fp/hard\libm.a
END GROUP
START GROUP
LOAD C:/ST/STM32CubeIDE_1.19.0/STM32CubeIDE/plugins/com.st.stm32cube.ide.mcu.externaltools.gnu-tools-for-stm32.13.3.rel1.win32_1.0.0.202411081344/tools/bin/../lib/gcc/arm-none-eabi/13.3.1/thumb/v7e-m+fp/hard\libgcc.a
LOAD C:/ST/STM32CubeIDE_1.19.0/STM32CubeIDE/plugins/com.st.stm32cube.ide.mcu.externaltools.gnu-tools-for-stm32.13.3.rel1.win32_1.0.0.202411081344/tools/bin/../lib/gcc/arm-none-eabi/13.3.1/../../../../arm-none-eabi/lib/thumb/v7e-m+fp/hard\libc_nano.a
END GROUP
START GROUP
LOAD C:/ST/STM32CubeIDE_1.19.0/STM32CubeIDE/plugins/com.st.stm32cube.ide.mcu.externaltools.gnu-tools-for-stm32.13.3.rel1.win32_1.0.0.202411081344/tools/bin/../lib/gcc/arm-none-eabi/13.3.1/thumb/v7e-m+fp/hard\libgcc.a
LOAD C:/ST/STM32CubeIDE_1.19.0/STM32CubeIDE/plugins/com.st.stm32cube.ide.mcu.externaltools.gnu-tools-for-stm32.13.3.rel1.win32_1.0.0.202411081344/tools/bin/../lib/gcc/arm-none-eabi/13.3.1/../../../../arm-none-eabi/lib/thumb/v7e-m+fp/hard\libc_nano.a
LOAD C:/ST/STM32CubeIDE_1.19.0/STM32CubeIDE/plugins/com.st.stm32cube.ide.mcu.externaltools.gnu-tools-for-stm32.13.3.rel1.win32_1.0.0.202411081344/tools/bin/../lib/gcc/arm-none-eabi/13.3.1/../../../../arm-none-eabi/lib/thumb/v7e-m+fp/hard\libnosys.a
END GROUP
START GROUP
LOAD C:/ST/STM32CubeIDE_1.19.0/STM32CubeIDE/plugins/com.st.stm32cube.ide.mcu.externaltools.gnu-tools-for-stm32.13.3.rel1.win32_1.0.0.202411081344/tools/bin/../lib/gcc/arm-none-eabi/13.3.1/thumb/v7e-m+fp/hard\libgcc.a
LOAD C:/ST/STM32CubeIDE_1.19.0/STM32CubeIDE/plugins/com.st.stm32cube.ide.mcu.externaltools.gnu-tools-for-stm32.13.3.rel1.win32_1.0.0.202411081344/tools/bin/../lib/gcc/arm-none-eabi/13.3.1/../../../../arm-none-eabi/lib/thumb/v7e-m+fp/hard\libc_nano.a
LOAD C:/ST/STM32CubeIDE_1.19.0/STM32CubeIDE/plugins/com.st.stm32cube.ide.mcu.externaltools.gnu-tools-for-stm32.13.3.rel1.win32_1.0.0.202411081344/tools/bin/../lib/gcc/arm-none-eabi/13.3.1/../../../../arm-none-eabi/lib/thumb/v7e-m+fp/hard\libnosys.a
END GROUP
LOAD C:/ST/STM32CubeIDE_1.19.0/STM32CubeIDE/plugins/com.st.stm32cube.ide.mcu.externaltools.gnu-tools-for-stm32.13.3.rel1.win32_1.0.0.202411081344/tools/bin/../lib/gcc/arm-none-eabi/13.3.1/thumb/v7e-m+fp/hard/crtend.o
LOAD C:/ST/STM32CubeIDE_1.19.0/STM32CubeIDE/plugins/com.st.stm32cube.ide.mcu.externaltools.gnu-tools-for-stm32.13.3.rel1.win32_1.0.0.202411081344/tools/bin/../lib/gcc/arm-none-eabi/13.3.1/thumb/v7e-m+fp/hard/crtn.o
                0x20020000                        _estack = (ORIGIN (RAM) + LENGTH (RAM))
                0x00000200                        _Min_Heap_Size = 0x200
                0x00000400                        _Min_Stack_Size = 0x400

.isr_vector     0x08000000      0x1c4
                0x08000000                        . = ALIGN (0x4)
 *(.isr_vector)
 .isr_vector    0x08000000      0x1c4 ./Core/Startup/startup_stm32f446retx.o
                0x08000000                g_pfnVectors
                0x080001c4                        . = ALIGN (0x4)

.text           0x080001c4     0x2178
                0x080001c4                        . = ALIGN (0x4)
 *(.text)
 .text          0x080001c4       0x40 C:/ST/STM32CubeIDE_1.19.0/STM32CubeIDE/plugins/com.st.stm32cube.ide.mcu.externaltools.gnu-tools-for-stm32.13.3.rel1.win32_1.0.0.202411081344/tools/bin/../lib/gcc/arm-none-eabi/13.3.1/thumb/v7e-m+fp/hard/crtbegin.o
 .text          0x08000204       0x30 C:/ST/STM32CubeIDE_1.19.0/STM32CubeIDE/plugins/com.st.stm32cube.ide.mcu.externaltools.gnu-tools-for-stm32.13.3.rel1.win32_1.0.0.202411081344/tools/bin/../lib/gcc/arm-none-eabi/13.3.1/thumb/v7e-m+fp/hard\libgcc.a(_aeabi_uldivmod.o)
                0x08000204                __aeabi_uldivmod
 .text          0x08000234      0x2f8 C:/ST/STM32CubeIDE_1.19.0/STM32CubeIDE/plugins/com.st.stm32cube.ide.mcu.externaltools.gnu-tools-for-stm32.13.3.rel1.win32_1.0.0.202411081344/tools/bin/../lib/gcc/arm-none-eabi/13.3.1/thumb/v7e-m+fp/hard\libgcc.a(_udivmoddi4.o)
                0x08000234                __udivmoddi4
 .text          0x0800052c        0x4 C:/ST/STM32CubeIDE_1.19.0/STM32CubeIDE/plugins/com.st.stm32cube.ide.mcu.externaltools.gnu-tools-for-stm32.13.3.rel1.win32_1.0.0.202411081344/tools/bin/../lib/gcc/arm-none-eabi/13.3.1/thumb/v7e-m+fp/hard\libgcc.a(_dvmd_tls.o)
                0x0800052c                __aeabi_idiv0
                0x0800052c                __aeabi_ldiv0
 *(.text*)
 .text.LL_AHB1_GRP1_EnableClock
                0x08000530       0x30 ./Core/Src/gpio.o
 .text.MX_GPIO_Init
                0x08000560       0x54 ./Core/Src/gpio.o
                0x08000560                MX_GPIO_Init
 .text.__NVIC_SetPriorityGrouping
                0x080005b4       0x48 ./Core/Src/main.o
 .text.LL_RCC_HSI_Enable
                0x080005fc       0x20 ./Core/Src/main.o
 .text.LL_RCC_HSI_IsReady
                0x0800061c       0x24 ./Core/Src/main.o
 .text.LL_RCC_HSI_SetCalibTrimming
                0x08000640       0x2c ./Core/Src/main.o
 .text.LL_RCC_SetSysClkSource
                0x0800066c       0x28 ./Core/Src/main.o
 .text.LL_RCC_GetSysClkSource
                0x08000694       0x1c ./Core/Src/main.o
 .text.LL_RCC_SetAHBPrescaler
                0x080006b0       0x28 ./Core/Src/main.o
 .text.LL_RCC_SetAPB1Prescaler
                0x080006d8       0x28 ./Core/Src/main.o
 .text.LL_RCC_SetAPB2Prescaler
                0x08000700       0x28 ./Core/Src/main.o
 .text.LL_RCC_SetTIMPrescaler
                0x08000728       0x2c ./Core/Src/main.o
 .text.LL_RCC_PLL_Enable
                0x08000754       0x20 ./Core/Src/main.o
 .text.LL_RCC_PLL_IsReady
                0x08000774       0x28 ./Core/Src/main.o
 .text.LL_RCC_PLL_ConfigDomain_SYS
                0x0800079c       0x5c ./Core/Src/main.o
 .text.LL_APB1_GRP1_EnableClock
                0x080007f8       0x30 ./Core/Src/main.o
 .text.LL_APB2_GRP1_EnableClock
                0x08000828       0x30 ./Core/Src/main.o
 .text.LL_FLASH_SetLatency
                0x08000858       0x28 ./Core/Src/main.o
 .text.LL_FLASH_GetLatency
                0x08000880       0x1c ./Core/Src/main.o
 .text.LL_PWR_DisableOverDriveMode
                0x0800089c       0x20 ./Core/Src/main.o
 .text.LL_PWR_SetRegulVoltageScaling
                0x080008bc       0x28 ./Core/Src/main.o
 .text.LL_PWR_IsActiveFlag_VOS
                0x080008e4       0x28 ./Core/Src/main.o
 .text.LL_TIM_EnableCounter
                0x0800090c       0x20 ./Core/Src/main.o
 .text.LL_TIM_GetAutoReload
                0x0800092c       0x18 ./Core/Src/main.o
 .text.LL_TIM_CC_EnableChannel
                0x08000944       0x22 ./Core/Src/main.o
 .text.LL_TIM_OC_SetCompareCH1
                0x08000966       0x1c ./Core/Src/main.o
 .text.LL_TIM_EnableAllOutputs
                0x08000982       0x20 ./Core/Src/main.o
 .text.main     0x080009a2       0x9c ./Core/Src/main.o
                0x080009a2                main
 *fill*         0x08000a3e        0x2 
 .text.SystemClock_Config
                0x08000a40       0xa4 ./Core/Src/main.o
                0x08000a40                SystemClock_Config
 .text.NMI_Handler
                0x08000ae4        0x8 ./Core/Src/stm32f4xx_it.o
                0x08000ae4                NMI_Handler
 .text.HardFault_Handler
                0x08000aec        0x8 ./Core/Src/stm32f4xx_it.o
                0x08000aec                HardFault_Handler
 .text.MemManage_Handler
                0x08000af4        0x8 ./Core/Src/stm32f4xx_it.o
                0x08000af4                MemManage_Handler
 .text.BusFault_Handler
                0x08000afc        0x8 ./Core/Src/stm32f4xx_it.o
                0x08000afc                BusFault_Handler
 .text.UsageFault_Handler
                0x08000b04        0x8 ./Core/Src/stm32f4xx_it.o
                0x08000b04                UsageFault_Handler
 .text.SVC_Handler
                0x08000b0c        0xe ./Core/Src/stm32f4xx_it.o
                0x08000b0c                SVC_Handler
 .text.DebugMon_Handler
                0x08000b1a        0xe ./Core/Src/stm32f4xx_it.o
                0x08000b1a                DebugMon_Handler
 .text.PendSV_Handler
                0x08000b28        0xe ./Core/Src/stm32f4xx_it.o
                0x08000b28                PendSV_Handler
 *fill*         0x08000b36        0x2 
 .text.SysTick_Handler
                0x08000b38       0x1c ./Core/Src/stm32f4xx_it.o
                0x08000b38                SysTick_Handler
 .text.SystemInit
                0x08000b54       0x24 ./Core/Src/system_stm32f4xx.o
                0x08000b54                SystemInit
 .text.LL_AHB1_GRP1_EnableClock
                0x08000b78       0x30 ./Core/Src/tim.o
 .text.LL_APB1_GRP1_EnableClock
                0x08000ba8       0x30 ./Core/Src/tim.o
 .text.LL_TIM_EnableARRPreload
                0x08000bd8       0x20 ./Core/Src/tim.o
 .text.LL_TIM_OC_DisableFast
                0x08000bf8       0x8c ./Core/Src/tim.o
 .text.LL_TIM_OC_EnablePreload
                0x08000c84       0x88 ./Core/Src/tim.o
 .text.LL_TIM_SetTriggerOutput
                0x08000d0c       0x26 ./Core/Src/tim.o
 .text.LL_TIM_DisableMasterSlaveMode
                0x08000d32       0x20 ./Core/Src/tim.o
 *fill*         0x08000d52        0x2 
 .text.MX_TIM2_Init
                0x08000d54       0xe0 ./Core/Src/tim.o
                0x08000d54                MX_TIM2_Init
 .text.LL_AHB1_GRP1_EnableClock
                0x08000e34       0x30 ./Core/Src/usart.o
 .text.LL_APB1_GRP1_EnableClock
                0x08000e64       0x30 ./Core/Src/usart.o
 .text.LL_USART_Enable
                0x08000e94       0x20 ./Core/Src/usart.o
 .text.LL_USART_ConfigAsyncMode
                0x08000eb4       0x2c ./Core/Src/usart.o
 .text.MX_USART2_UART_Init
                0x08000ee0       0xa0 ./Core/Src/usart.o
                0x08000ee0                MX_USART2_UART_Init
 .text.Reset_Handler
                0x08000f80       0x50 ./Core/Startup/startup_stm32f446retx.o
                0x08000f80                Reset_Handler
 .text.Default_Handler
                0x08000fd0        0x2 ./Core/Startup/startup_stm32f446retx.o
                0x08000fd0                RTC_Alarm_IRQHandler
                0x08000fd0                EXTI2_IRQHandler
                0x08000fd0                TIM8_CC_IRQHandler
                0x08000fd0                FMPI2C1_EV_IRQHandler
                0x08000fd0                SPI4_IRQHandler
                0x08000fd0                TIM1_CC_IRQHandler
                0x08000fd0                DMA2_Stream5_IRQHandler
                0x08000fd0                DMA1_Stream5_IRQHandler
                0x08000fd0                PVD_IRQHandler
                0x08000fd0                SDIO_IRQHandler
                0x08000fd0                TAMP_STAMP_IRQHandler
                0x08000fd0                CAN2_RX1_IRQHandler
                0x08000fd0                EXTI3_IRQHandler
                0x08000fd0                TIM8_TRG_COM_TIM14_IRQHandler
                0x08000fd0                TIM1_UP_TIM10_IRQHandler
                0x08000fd0                TIM8_UP_TIM13_IRQHandler
                0x08000fd0                I2C3_ER_IRQHandler
                0x08000fd0                EXTI0_IRQHandler
                0x08000fd0                I2C2_EV_IRQHandler
                0x08000fd0                DMA1_Stream2_IRQHandler
                0x08000fd0                CAN1_RX0_IRQHandler
                0x08000fd0                FPU_IRQHandler
                0x08000fd0                OTG_HS_WKUP_IRQHandler
                0x08000fd0                CAN2_SCE_IRQHandler
                0x08000fd0                DMA2_Stream2_IRQHandler
                0x08000fd0                SPI1_IRQHandler
                0x08000fd0                TIM6_DAC_IRQHandler
                0x08000fd0                TIM1_BRK_TIM9_IRQHandler
                0x08000fd0                DCMI_IRQHandler
                0x08000fd0                CAN2_RX0_IRQHandler
                0x08000fd0                DMA2_Stream3_IRQHandler
                0x08000fd0                SAI2_IRQHandler
                0x08000fd0                USART6_IRQHandler
                0x08000fd0                USART3_IRQHandler
                0x08000fd0                CAN1_RX1_IRQHandler
                0x08000fd0                UART5_IRQHandler
                0x08000fd0                DMA2_Stream0_IRQHandler
                0x08000fd0                TIM4_IRQHandler
                0x08000fd0                QUADSPI_IRQHandler
                0x08000fd0                I2C1_EV_IRQHandler
                0x08000fd0                DMA1_Stream6_IRQHandler
                0x08000fd0                DMA1_Stream1_IRQHandler
                0x08000fd0                UART4_IRQHandler
                0x08000fd0                TIM3_IRQHandler
                0x08000fd0                RCC_IRQHandler
                0x08000fd0                TIM8_BRK_TIM12_IRQHandler
                0x08000fd0                Default_Handler
                0x08000fd0                CEC_IRQHandler
                0x08000fd0                EXTI15_10_IRQHandler
                0x08000fd0                ADC_IRQHandler
                0x08000fd0                DMA1_Stream7_IRQHandler
                0x08000fd0                TIM7_IRQHandler
                0x08000fd0                CAN2_TX_IRQHandler
                0x08000fd0                TIM5_IRQHandler
                0x08000fd0                DMA2_Stream7_IRQHandler
                0x08000fd0                I2C3_EV_IRQHandler
                0x08000fd0                EXTI9_5_IRQHandler
                0x08000fd0                RTC_WKUP_IRQHandler
                0x08000fd0                SPDIF_RX_IRQHandler
                0x08000fd0                SPI2_IRQHandler
                0x08000fd0                OTG_HS_EP1_IN_IRQHandler
                0x08000fd0                DMA1_Stream0_IRQHandler
                0x08000fd0                CAN1_TX_IRQHandler
                0x08000fd0                FMPI2C1_ER_IRQHandler
                0x08000fd0                EXTI4_IRQHandler
                0x08000fd0                OTG_HS_EP1_OUT_IRQHandler
                0x08000fd0                WWDG_IRQHandler
                0x08000fd0                TIM2_IRQHandler
                0x08000fd0                OTG_FS_WKUP_IRQHandler
                0x08000fd0                TIM1_TRG_COM_TIM11_IRQHandler
                0x08000fd0                OTG_HS_IRQHandler
                0x08000fd0                EXTI1_IRQHandler
                0x08000fd0                USART2_IRQHandler
                0x08000fd0                I2C2_ER_IRQHandler
                0x08000fd0                DMA2_Stream1_IRQHandler
                0x08000fd0                CAN1_SCE_IRQHandler
                0x08000fd0                FLASH_IRQHandler
                0x08000fd0                DMA2_Stream4_IRQHandler
                0x08000fd0                USART1_IRQHandler
                0x08000fd0                OTG_FS_IRQHandler
                0x08000fd0                SPI3_IRQHandler
                0x08000fd0                DMA1_Stream4_IRQHandler
                0x08000fd0                I2C1_ER_IRQHandler
                0x08000fd0                FMC_IRQHandler
                0x08000fd0                DMA2_Stream6_IRQHandler
                0x08000fd0                SAI1_IRQHandler
                0x08000fd0                DMA1_Stream3_IRQHandler
 .text.LL_GPIO_SetPinMode
                0x08000fd2       0x7a ./Drivers/STM32F4xx_HAL_Driver/stm32f4xx_ll_gpio.o
 .text.LL_GPIO_SetPinOutputType
                0x0800104c       0x30 ./Drivers/STM32F4xx_HAL_Driver/stm32f4xx_ll_gpio.o
 .text.LL_GPIO_SetPinSpeed
                0x0800107c       0x7a ./Drivers/STM32F4xx_HAL_Driver/stm32f4xx_ll_gpio.o
 .text.LL_GPIO_SetPinPull
                0x080010f6       0x7a ./Drivers/STM32F4xx_HAL_Driver/stm32f4xx_ll_gpio.o
 .text.LL_GPIO_SetAFPin_0_7
                0x08001170       0x7a ./Drivers/STM32F4xx_HAL_Driver/stm32f4xx_ll_gpio.o
 .text.LL_GPIO_SetAFPin_8_15
                0x080011ea       0x7e ./Drivers/STM32F4xx_HAL_Driver/stm32f4xx_ll_gpio.o
 .text.LL_GPIO_Init
                0x08001268      0x102 ./Drivers/STM32F4xx_HAL_Driver/stm32f4xx_ll_gpio.o
                0x08001268                LL_GPIO_Init
 *fill*         0x0800136a        0x2 
 .text.LL_RCC_GetSysClkSource
                0x0800136c       0x1c ./Drivers/STM32F4xx_HAL_Driver/stm32f4xx_ll_rcc.o
 .text.LL_RCC_GetAHBPrescaler
                0x08001388       0x1c ./Drivers/STM32F4xx_HAL_Driver/stm32f4xx_ll_rcc.o
 .text.LL_RCC_GetAPB1Prescaler
                0x080013a4       0x1c ./Drivers/STM32F4xx_HAL_Driver/stm32f4xx_ll_rcc.o
 .text.LL_RCC_GetAPB2Prescaler
                0x080013c0       0x1c ./Drivers/STM32F4xx_HAL_Driver/stm32f4xx_ll_rcc.o
 .text.LL_RCC_PLL_GetMainSource
                0x080013dc       0x1c ./Drivers/STM32F4xx_HAL_Driver/stm32f4xx_ll_rcc.o
 .text.LL_RCC_PLL_GetN
                0x080013f8       0x1c ./Drivers/STM32F4xx_HAL_Driver/stm32f4xx_ll_rcc.o
 .text.LL_RCC_PLL_GetP
                0x08001414       0x1c ./Drivers/STM32F4xx_HAL_Driver/stm32f4xx_ll_rcc.o
 .text.LL_RCC_PLL_GetR
                0x08001430       0x1c ./Drivers/STM32F4xx_HAL_Driver/stm32f4xx_ll_rcc.o
 .text.LL_RCC_PLL_GetDivider
                0x0800144c       0x1c ./Drivers/STM32F4xx_HAL_Driver/stm32f4xx_ll_rcc.o
 .text.LL_RCC_GetSystemClocksFreq
                0x08001468       0x4a ./Drivers/STM32F4xx_HAL_Driver/stm32f4xx_ll_rcc.o
                0x08001468                LL_RCC_GetSystemClocksFreq
 *fill*         0x080014b2        0x2 
 .text.RCC_GetSystemClockFreq
                0x080014b4       0x88 ./Drivers/STM32F4xx_HAL_Driver/stm32f4xx_ll_rcc.o
                0x080014b4                RCC_GetSystemClockFreq
 .text.RCC_GetHCLKClockFreq
                0x0800153c       0x2c ./Drivers/STM32F4xx_HAL_Driver/stm32f4xx_ll_rcc.o
                0x0800153c                RCC_GetHCLKClockFreq
 .text.RCC_GetPCLK1ClockFreq
                0x08001568       0x28 ./Drivers/STM32F4xx_HAL_Driver/stm32f4xx_ll_rcc.o
                0x08001568                RCC_GetPCLK1ClockFreq
 .text.RCC_GetPCLK2ClockFreq
                0x08001590       0x28 ./Drivers/STM32F4xx_HAL_Driver/stm32f4xx_ll_rcc.o
                0x08001590                RCC_GetPCLK2ClockFreq
 .text.RCC_PLL_GetFreqDomain_SYS
                0x080015b8       0xa4 ./Drivers/STM32F4xx_HAL_Driver/stm32f4xx_ll_rcc.o
                0x080015b8                RCC_PLL_GetFreqDomain_SYS
 .text.LL_TIM_SetPrescaler
                0x0800165c       0x1c ./Drivers/STM32F4xx_HAL_Driver/stm32f4xx_ll_tim.o
 .text.LL_TIM_SetAutoReload
                0x08001678       0x1c ./Drivers/STM32F4xx_HAL_Driver/stm32f4xx_ll_tim.o
 .text.LL_TIM_SetRepetitionCounter
                0x08001694       0x1c ./Drivers/STM32F4xx_HAL_Driver/stm32f4xx_ll_tim.o
 .text.LL_TIM_OC_SetCompareCH1
                0x080016b0       0x1c ./Drivers/STM32F4xx_HAL_Driver/stm32f4xx_ll_tim.o
 .text.LL_TIM_OC_SetCompareCH2
                0x080016cc       0x1c ./Drivers/STM32F4xx_HAL_Driver/stm32f4xx_ll_tim.o
 .text.LL_TIM_OC_SetCompareCH3
                0x080016e8       0x1c ./Drivers/STM32F4xx_HAL_Driver/stm32f4xx_ll_tim.o
 .text.LL_TIM_OC_SetCompareCH4
                0x08001704       0x1c ./Drivers/STM32F4xx_HAL_Driver/stm32f4xx_ll_tim.o
 .text.LL_TIM_GenerateEvent_UPDATE
                0x08001720       0x20 ./Drivers/STM32F4xx_HAL_Driver/stm32f4xx_ll_tim.o
 .text.LL_TIM_Init
                0x08001740      0x134 ./Drivers/STM32F4xx_HAL_Driver/stm32f4xx_ll_tim.o
                0x08001740                LL_TIM_Init
 .text.LL_TIM_OC_Init
                0x08001874       0x82 ./Drivers/STM32F4xx_HAL_Driver/stm32f4xx_ll_tim.o
                0x08001874                LL_TIM_OC_Init
 *fill*         0x080018f6        0x2 
 .text.OC1Config
                0x080018f8       0xd8 ./Drivers/STM32F4xx_HAL_Driver/stm32f4xx_ll_tim.o
 .text.OC2Config
                0x080019d0       0xe0 ./Drivers/STM32F4xx_HAL_Driver/stm32f4xx_ll_tim.o
 .text.OC3Config
                0x08001ab0       0xe0 ./Drivers/STM32F4xx_HAL_Driver/stm32f4xx_ll_tim.o
 .text.OC4Config
                0x08001b90       0xb0 ./Drivers/STM32F4xx_HAL_Driver/stm32f4xx_ll_tim.o
 .text.LL_USART_IsEnabled
                0x08001c40       0x28 ./Drivers/STM32F4xx_HAL_Driver/stm32f4xx_ll_usart.o
 .text.LL_USART_SetStopBitsLength
                0x08001c68       0x26 ./Drivers/STM32F4xx_HAL_Driver/stm32f4xx_ll_usart.o
 .text.LL_USART_SetHWFlowCtrl
                0x08001c8e       0x26 ./Drivers/STM32F4xx_HAL_Driver/stm32f4xx_ll_usart.o
 .text.LL_USART_SetBaudRate
                0x08001cb4      0x45c ./Drivers/STM32F4xx_HAL_Driver/stm32f4xx_ll_usart.o
 .text.LL_USART_Init
                0x08002110      0x100 ./Drivers/STM32F4xx_HAL_Driver/stm32f4xx_ll_usart.o
                0x08002110                LL_USART_Init
 .text.LL_InitTick
                0x08002210       0x34 ./Drivers/STM32F4xx_HAL_Driver/stm32f4xx_ll_utils.o
 .text.LL_Init1msTick
                0x08002244       0x1a ./Drivers/STM32F4xx_HAL_Driver/stm32f4xx_ll_utils.o
                0x08002244                LL_Init1msTick
 *fill*         0x0800225e        0x2 
 .text.LL_mDelay
                0x08002260       0x4c ./Drivers/STM32F4xx_HAL_Driver/stm32f4xx_ll_utils.o
                0x08002260                LL_mDelay
 .text.LL_SetSystemCoreClock
                0x080022ac       0x20 ./Drivers/STM32F4xx_HAL_Driver/stm32f4xx_ll_utils.o
                0x080022ac                LL_SetSystemCoreClock
 .text.memset   0x080022cc       0x10 C:/ST/STM32CubeIDE_1.19.0/STM32CubeIDE/plugins/com.st.stm32cube.ide.mcu.externaltools.gnu-tools-for-stm32.13.3.rel1.win32_1.0.0.202411081344/tools/bin/../lib/gcc/arm-none-eabi/13.3.1/../../../../arm-none-eabi/lib/thumb/v7e-m+fp/hard\libc_nano.a(libc_a-memset.o)
                0x080022cc                memset
 .text.__libc_init_array
                0x080022dc       0x48 C:/ST/STM32CubeIDE_1.19.0/STM32CubeIDE/plugins/com.st.stm32cube.ide.mcu.externaltools.gnu-tools-for-stm32.13.3.rel1.win32_1.0.0.202411081344/tools/bin/../lib/gcc/arm-none-eabi/13.3.1/../../../../arm-none-eabi/lib/thumb/v7e-m+fp/hard\libc_nano.a(libc_a-init.o)
                0x080022dc                __libc_init_array
 *(.glue_7)
 .glue_7        0x08002324        0x0 linker stubs
 *(.glue_7t)
 .glue_7t       0x08002324        0x0 linker stubs
 *(.eh_frame)
 .eh_frame      0x08002324        0x0 C:/ST/STM32CubeIDE_1.19.0/STM32CubeIDE/plugins/com.st.stm32cube.ide.mcu.externaltools.gnu-tools-for-stm32.13.3.rel1.win32_1.0.0.202411081344/tools/bin/../lib/gcc/arm-none-eabi/13.3.1/thumb/v7e-m+fp/hard/crtbegin.o
 *(.init)
 .init          0x08002324        0x4 C:/ST/STM32CubeIDE_1.19.0/STM32CubeIDE/plugins/com.st.stm32cube.ide.mcu.externaltools.gnu-tools-for-stm32.13.3.rel1.win32_1.0.0.202411081344/tools/bin/../lib/gcc/arm-none-eabi/13.3.1/thumb/v7e-m+fp/hard/crti.o
                0x08002324                _init
 .init          0x08002328        0x8 C:/ST/STM32CubeIDE_1.19.0/STM32CubeIDE/plugins/com.st.stm32cube.ide.mcu.externaltools.gnu-tools-for-stm32.13.3.rel1.win32_1.0.0.202411081344/tools/bin/../lib/gcc/arm-none-eabi/13.3.1/thumb/v7e-m+fp/hard/crtn.o
 *(.fini)
 .fini          0x08002330        0x4 C:/ST/STM32CubeIDE_1.19.0/STM32CubeIDE/plugins/com.st.stm32cube.ide.mcu.externaltools.gnu-tools-for-stm32.13.3.rel1.win32_1.0.0.202411081344/tools/bin/../lib/gcc/arm-none-eabi/13.3.1/thumb/v7e-m+fp/hard/crti.o
                0x08002330                _fini
 .fini          0x08002334        0x8 C:/ST/STM32CubeIDE_1.19.0/STM32CubeIDE/plugins/com.st.stm32cube.ide.mcu.externaltools.gnu-tools-for-stm32.13.3.rel1.win32_1.0.0.202411081344/tools/bin/../lib/gcc/arm-none-eabi/13.3.1/thumb/v7e-m+fp/hard/crtn.o
                0x0800233c                        . = ALIGN (0x4)
                0x0800233c                        _etext = .

.vfp11_veneer   0x0800233c        0x0
 .vfp11_veneer  0x0800233c        0x0 linker stubs

.v4_bx          0x0800233c        0x0
 .v4_bx         0x0800233c        0x0 linker stubs

.iplt           0x0800233c        0x0
 .iplt          0x0800233c        0x0 C:/ST/STM32CubeIDE_1.19.0/STM32CubeIDE/plugins/com.st.stm32cube.ide.mcu.externaltools.gnu-tools-for-stm32.13.3.rel1.win32_1.0.0.202411081344/tools/bin/../lib/gcc/arm-none-eabi/13.3.1/thumb/v7e-m+fp/hard/crtbegin.o

.rodata         0x0800233c       0x28
                0x0800233c                        . = ALIGN (0x4)
 *(.rodata)
 *(.rodata*)
 .rodata.AHBPrescTable
                0x0800233c       0x10 ./Core/Src/system_stm32f4xx.o
                0x0800233c                AHBPrescTable
 .rodata.APBPrescTable
                0x0800234c        0x8 ./Core/Src/system_stm32f4xx.o
                0x0800234c                APBPrescTable
 .rodata.OFFSET_TAB_CCMRx
                0x08002354        0x7 ./Core/Src/tim.o
 *fill*         0x0800235b        0x1 
 .rodata.SHIFT_TAB_OCxx
                0x0800235c        0x7 ./Core/Src/tim.o
                0x08002364                        . = ALIGN (0x4)
 *fill*         0x08002363        0x1 

.ARM.extab      0x08002364        0x0
                0x08002364                        . = ALIGN (0x4)
 *(.ARM.extab* .gnu.linkonce.armextab.*)
                0x08002364                        . = ALIGN (0x4)

.ARM            0x08002364        0x8
                0x08002364                        . = ALIGN (0x4)
                0x08002364                        __exidx_start = .
 *(.ARM.exidx*)
 .ARM.exidx     0x08002364        0x8 C:/ST/STM32CubeIDE_1.19.0/STM32CubeIDE/plugins/com.st.stm32cube.ide.mcu.externaltools.gnu-tools-for-stm32.13.3.rel1.win32_1.0.0.202411081344/tools/bin/../lib/gcc/arm-none-eabi/13.3.1/thumb/v7e-m+fp/hard\libgcc.a(_udivmoddi4.o)
                0x0800236c                        __exidx_end = .
                0x0800236c                        . = ALIGN (0x4)

.preinit_array  0x0800236c        0x0
                0x0800236c                        . = ALIGN (0x4)
                0x0800236c                        PROVIDE (__preinit_array_start = .)
 *(.preinit_array*)
                0x0800236c                        PROVIDE (__preinit_array_end = .)
                0x0800236c                        . = ALIGN (0x4)

.init_array     0x0800236c        0x4
                0x0800236c                        . = ALIGN (0x4)
                0x0800236c                        PROVIDE (__init_array_start = .)
 *(SORT_BY_NAME(.init_array.*))
 *(.init_array*)
 .init_array    0x0800236c        0x4 C:/ST/STM32CubeIDE_1.19.0/STM32CubeIDE/plugins/com.st.stm32cube.ide.mcu.externaltools.gnu-tools-for-stm32.13.3.rel1.win32_1.0.0.202411081344/tools/bin/../lib/gcc/arm-none-eabi/13.3.1/thumb/v7e-m+fp/hard/crtbegin.o
                0x08002370                        PROVIDE (__init_array_end = .)
                0x08002370                        . = ALIGN (0x4)

.fini_array     0x08002370        0x4
                0x08002370                        . = ALIGN (0x4)
                [!provide]                        PROVIDE (__fini_array_start = .)
 *(SORT_BY_NAME(.fini_array.*))
 *(.fini_array*)
 .fini_array    0x08002370        0x4 C:/ST/STM32CubeIDE_1.19.0/STM32CubeIDE/plugins/com.st.stm32cube.ide.mcu.externaltools.gnu-tools-for-stm32.13.3.rel1.win32_1.0.0.202411081344/tools/bin/../lib/gcc/arm-none-eabi/13.3.1/thumb/v7e-m+fp/hard/crtbegin.o
                [!provide]                        PROVIDE (__fini_array_end = .)
                0x08002374                        . = ALIGN (0x4)
                0x08002374                        _sidata = LOADADDR (.data)

.rel.dyn        0x08002374        0x0
 .rel.iplt      0x08002374        0x0 C:/ST/STM32CubeIDE_1.19.0/STM32CubeIDE/plugins/com.st.stm32cube.ide.mcu.externaltools.gnu-tools-for-stm32.13.3.rel1.win32_1.0.0.202411081344/tools/bin/../lib/gcc/arm-none-eabi/13.3.1/thumb/v7e-m+fp/hard/crtbegin.o

.data           0x20000000        0x4 load address 0x08002374
                0x20000000                        . = ALIGN (0x4)
                0x20000000                        _sdata = .
 *(.data)
 *(.data*)
 .data.SystemCoreClock
                0x20000000        0x4 ./Core/Src/system_stm32f4xx.o
                0x20000000                SystemCoreClock
 *(.RamFunc)
 *(.RamFunc*)
                0x20000004                        . = ALIGN (0x4)
                0x20000004                        _edata = .

.igot.plt       0x20000004        0x0 load address 0x08002378
 .igot.plt      0x20000004        0x0 C:/ST/STM32CubeIDE_1.19.0/STM32CubeIDE/plugins/com.st.stm32cube.ide.mcu.externaltools.gnu-tools-for-stm32.13.3.rel1.win32_1.0.0.202411081344/tools/bin/../lib/gcc/arm-none-eabi/13.3.1/thumb/v7e-m+fp/hard/crtbegin.o
                0x20000004                        . = ALIGN (0x4)

.bss            0x20000004       0x20 load address 0x08002378
                0x20000004                        _sbss = .
                0x20000004                        __bss_start__ = _sbss
 *(.bss)
 .bss           0x20000004       0x1c C:/ST/STM32CubeIDE_1.19.0/STM32CubeIDE/plugins/com.st.stm32cube.ide.mcu.externaltools.gnu-tools-for-stm32.13.3.rel1.win32_1.0.0.202411081344/tools/bin/../lib/gcc/arm-none-eabi/13.3.1/thumb/v7e-m+fp/hard/crtbegin.o
 *(.bss*)
 .bss.SysTicks  0x20000020        0x4 ./Core/Src/stm32f4xx_it.o
                0x20000020                SysTicks
 *(COMMON)
                0x20000024                        . = ALIGN (0x4)
                0x20000024                        _ebss = .
                0x20000024                        __bss_end__ = _ebss

._user_heap_stack
                0x20000024      0x604 load address 0x08002378
                0x20000028                        . = ALIGN (0x8)
 *fill*         0x20000024        0x4 
                [!provide]                        PROVIDE (end = .)
                0x20000028                        PROVIDE (_end = .)
                0x20000228                        . = (. + _Min_Heap_Size)
 *fill*         0x20000028      0x200 
                0x20000628                        . = (. + _Min_Stack_Size)
 *fill*         0x20000228      0x400 
                0x20000628                        . = ALIGN (0x8)

/DISCARD/
 libc.a(*)
 libm.a(*)
 libgcc.a(*)

.ARM.attributes
                0x00000000       0x30
 *(.ARM.attributes)
 .ARM.attributes
                0x00000000       0x22 C:/ST/STM32CubeIDE_1.19.0/STM32CubeIDE/plugins/com.st.stm32cube.ide.mcu.externaltools.gnu-tools-for-stm32.13.3.rel1.win32_1.0.0.202411081344/tools/bin/../lib/gcc/arm-none-eabi/13.3.1/thumb/v7e-m+fp/hard/crti.o
 .ARM.attributes
                0x00000022       0x34 C:/ST/STM32CubeIDE_1.19.0/STM32CubeIDE/plugins/com.st.stm32cube.ide.mcu.externaltools.gnu-tools-for-stm32.13.3.rel1.win32_1.0.0.202411081344/tools/bin/../lib/gcc/arm-none-eabi/13.3.1/thumb/v7e-m+fp/hard/crtbegin.o
 .ARM.attributes
                0x00000056       0x34 ./Core/Src/gpio.o
 .ARM.attributes
                0x0000008a       0x34 ./Core/Src/main.o
 .ARM.attributes
                0x000000be       0x34 ./Core/Src/stm32f4xx_it.o
 .ARM.attributes
                0x000000f2       0x34 ./Core/Src/system_stm32f4xx.o
 .ARM.attributes
                0x00000126       0x34 ./Core/Src/tim.o
 .ARM.attributes
                0x0000015a       0x34 ./Core/Src/usart.o
 .ARM.attributes
                0x0000018e       0x21 ./Core/Startup/startup_stm32f446retx.o
 .ARM.attributes
                0x000001af       0x34 ./Drivers/STM32F4xx_HAL_Driver/stm32f4xx_ll_gpio.o
 .ARM.attributes
                0x000001e3       0x34 ./Drivers/STM32F4xx_HAL_Driver/stm32f4xx_ll_rcc.o
 .ARM.attributes
                0x00000217       0x34 ./Drivers/STM32F4xx_HAL_Driver/stm32f4xx_ll_tim.o
 .ARM.attributes
                0x0000024b       0x34 ./Drivers/STM32F4xx_HAL_Driver/stm32f4xx_ll_usart.o
 .ARM.attributes
                0x0000027f       0x34 ./Drivers/STM32F4xx_HAL_Driver/stm32f4xx_ll_utils.o
 .ARM.attributes
                0x000002b3       0x34 C:/ST/STM32CubeIDE_1.19.0/STM32CubeIDE/plugins/com.st.stm32cube.ide.mcu.externaltools.gnu-tools-for-stm32.13.3.rel1.win32_1.0.0.202411081344/tools/bin/../lib/gcc/arm-none-eabi/13.3.1/../../../../arm-none-eabi/lib/thumb/v7e-m+fp/hard\libc_nano.a(libc_a-memset.o)
 .ARM.attributes
                0x000002e7       0x34 C:/ST/STM32CubeIDE_1.19.0/STM32CubeIDE/plugins/com.st.stm32cube.ide.mcu.externaltools.gnu-tools-for-stm32.13.3.rel1.win32_1.0.0.202411081344/tools/bin/../lib/gcc/arm-none-eabi/13.3.1/../../../../arm-none-eabi/lib/thumb/v7e-m+fp/hard\libc_nano.a(libc_a-init.o)
 .ARM.attributes
                0x0000031b       0x22 C:/ST/STM32CubeIDE_1.19.0/STM32CubeIDE/plugins/com.st.stm32cube.ide.mcu.externaltools.gnu-tools-for-stm32.13.3.rel1.win32_1.0.0.202411081344/tools/bin/../lib/gcc/arm-none-eabi/13.3.1/thumb/v7e-m+fp/hard\libgcc.a(_aeabi_uldivmod.o)
 .ARM.attributes
                0x0000033d       0x34 C:/ST/STM32CubeIDE_1.19.0/STM32CubeIDE/plugins/com.st.stm32cube.ide.mcu.externaltools.gnu-tools-for-stm32.13.3.rel1.win32_1.0.0.202411081344/tools/bin/../lib/gcc/arm-none-eabi/13.3.1/thumb/v7e-m+fp/hard\libgcc.a(_udivmoddi4.o)
 .ARM.attributes
                0x00000371       0x22 C:/ST/STM32CubeIDE_1.19.0/STM32CubeIDE/plugins/com.st.stm32cube.ide.mcu.externaltools.gnu-tools-for-stm32.13.3.rel1.win32_1.0.0.202411081344/tools/bin/../lib/gcc/arm-none-eabi/13.3.1/thumb/v7e-m+fp/hard\libgcc.a(_dvmd_tls.o)
 .ARM.attributes
                0x00000393       0x22 C:/ST/STM32CubeIDE_1.19.0/STM32CubeIDE/plugins/com.st.stm32cube.ide.mcu.externaltools.gnu-tools-for-stm32.13.3.rel1.win32_1.0.0.202411081344/tools/bin/../lib/gcc/arm-none-eabi/13.3.1/thumb/v7e-m+fp/hard/crtn.o
OUTPUT(echtzeitsysteme_uebung.elf elf32-littlearm)
LOAD linker stubs
LOAD C:/ST/STM32CubeIDE_1.19.0/STM32CubeIDE/plugins/com.st.stm32cube.ide.mcu.externaltools.gnu-tools-for-stm32.13.3.rel1.win32_1.0.0.202411081344/tools/bin/../lib/gcc/arm-none-eabi/13.3.1/../../../../arm-none-eabi/lib/thumb/v7e-m+fp/hard\libc.a
LOAD C:/ST/STM32CubeIDE_1.19.0/STM32CubeIDE/plugins/com.st.stm32cube.ide.mcu.externaltools.gnu-tools-for-stm32.13.3.rel1.win32_1.0.0.202411081344/tools/bin/../lib/gcc/arm-none-eabi/13.3.1/../../../../arm-none-eabi/lib/thumb/v7e-m+fp/hard\libm.a
LOAD C:/ST/STM32CubeIDE_1.19.0/STM32CubeIDE/plugins/com.st.stm32cube.ide.mcu.externaltools.gnu-tools-for-stm32.13.3.rel1.win32_1.0.0.202411081344/tools/bin/../lib/gcc/arm-none-eabi/13.3.1/thumb/v7e-m+fp/hard\libgcc.a

.debug_info     0x00000000     0x5cd8
 .debug_info    0x00000000      0x4a0 ./Core/Src/gpio.o
 .debug_info    0x000004a0      0xcd4 ./Core/Src/main.o
 .debug_info    0x00001174      0x1f3 ./Core/Src/stm32f4xx_it.o
 .debug_info    0x00001367      0x543 ./Core/Src/system_stm32f4xx.o
 .debug_info    0x000018aa      0x8da ./Core/Src/tim.o
 .debug_info    0x00002184      0x62c ./Core/Src/usart.o
 .debug_info    0x000027b0       0x30 ./Core/Startup/startup_stm32f446retx.o
 .debug_info    0x000027e0      0x950 ./Drivers/STM32F4xx_HAL_Driver/stm32f4xx_ll_gpio.o
 .debug_info    0x00003130      0xbd2 ./Drivers/STM32F4xx_HAL_Driver/stm32f4xx_ll_rcc.o
 .debug_info    0x00003d02      0xf78 ./Drivers/STM32F4xx_HAL_Driver/stm32f4xx_ll_tim.o
 .debug_info    0x00004c7a      0x71b ./Drivers/STM32F4xx_HAL_Driver/stm32f4xx_ll_usart.o
 .debug_info    0x00005395      0x943 ./Drivers/STM32F4xx_HAL_Driver/stm32f4xx_ll_utils.o

.debug_abbrev   0x00000000     0x12f0
 .debug_abbrev  0x00000000      0x17f ./Core/Src/gpio.o
 .debug_abbrev  0x0000017f      0x20c ./Core/Src/main.o
 .debug_abbrev  0x0000038b       0xaa ./Core/Src/stm32f4xx_it.o
 .debug_abbrev  0x00000435      0x11a ./Core/Src/system_stm32f4xx.o
 .debug_abbrev  0x0000054f      0x197 ./Core/Src/tim.o
 .debug_abbrev  0x000006e6      0x19c ./Core/Src/usart.o
 .debug_abbrev  0x00000882       0x24 ./Core/Startup/startup_stm32f446retx.o
 .debug_abbrev  0x000008a6      0x237 ./Drivers/STM32F4xx_HAL_Driver/stm32f4xx_ll_gpio.o
 .debug_abbrev  0x00000add      0x1ef ./Drivers/STM32F4xx_HAL_Driver/stm32f4xx_ll_rcc.o
 .debug_abbrev  0x00000ccc      0x20f ./Drivers/STM32F4xx_HAL_Driver/stm32f4xx_ll_tim.o
 .debug_abbrev  0x00000edb      0x1f2 ./Drivers/STM32F4xx_HAL_Driver/stm32f4xx_ll_usart.o
 .debug_abbrev  0x000010cd      0x223 ./Drivers/STM32F4xx_HAL_Driver/stm32f4xx_ll_utils.o

.debug_aranges  0x00000000      0x7a0
 .debug_aranges
                0x00000000       0x28 ./Core/Src/gpio.o
 .debug_aranges
                0x00000028      0x110 ./Core/Src/main.o
 .debug_aranges
                0x00000138       0x60 ./Core/Src/stm32f4xx_it.o
 .debug_aranges
                0x00000198       0x28 ./Core/Src/system_stm32f4xx.o
 .debug_aranges
                0x000001c0       0x58 ./Core/Src/tim.o
 .debug_aranges
                0x00000218       0x40 ./Core/Src/usart.o
 .debug_aranges
                0x00000258       0x28 ./Core/Startup/startup_stm32f446retx.o
 .debug_aranges
                0x00000280       0x70 ./Drivers/STM32F4xx_HAL_Driver/stm32f4xx_ll_gpio.o
 .debug_aranges
                0x000002f0      0x200 ./Drivers/STM32F4xx_HAL_Driver/stm32f4xx_ll_rcc.o
 .debug_aranges
                0x000004f0      0x128 ./Drivers/STM32F4xx_HAL_Driver/stm32f4xx_ll_tim.o
 .debug_aranges
                0x00000618       0x88 ./Drivers/STM32F4xx_HAL_Driver/stm32f4xx_ll_usart.o
 .debug_aranges
                0x000006a0      0x100 ./Drivers/STM32F4xx_HAL_Driver/stm32f4xx_ll_utils.o

.debug_rnglists
                0x00000000      0x59b
 .debug_rnglists
                0x00000000       0x19 ./Core/Src/gpio.o
 .debug_rnglists
                0x00000019       0xc9 ./Core/Src/main.o
 .debug_rnglists
                0x000000e2       0x43 ./Core/Src/stm32f4xx_it.o
 .debug_rnglists
                0x00000125       0x1a ./Core/Src/system_stm32f4xx.o
 .debug_rnglists
                0x0000013f       0x40 ./Core/Src/tim.o
 .debug_rnglists
                0x0000017f       0x2c ./Core/Src/usart.o
 .debug_rnglists
                0x000001ab       0x19 ./Core/Startup/startup_stm32f446retx.o
 .debug_rnglists
                0x000001c4       0x51 ./Drivers/STM32F4xx_HAL_Driver/stm32f4xx_ll_gpio.o
 .debug_rnglists
                0x00000215      0x180 ./Drivers/STM32F4xx_HAL_Driver/stm32f4xx_ll_rcc.o
 .debug_rnglists
                0x00000395       0xe4 ./Drivers/STM32F4xx_HAL_Driver/stm32f4xx_ll_tim.o
 .debug_rnglists
                0x00000479       0x64 ./Drivers/STM32F4xx_HAL_Driver/stm32f4xx_ll_usart.o
 .debug_rnglists
                0x000004dd       0xbe ./Drivers/STM32F4xx_HAL_Driver/stm32f4xx_ll_utils.o

.debug_macro    0x00000000    0x1de44
 .debug_macro   0x00000000      0x22d ./Core/Src/gpio.o
 .debug_macro   0x0000022d      0xb1a ./Core/Src/gpio.o
 .debug_macro   0x00000d47       0x2e ./Core/Src/gpio.o
 .debug_macro   0x00000d75       0x28 ./Core/Src/gpio.o
 .debug_macro   0x00000d9d       0x22 ./Core/Src/gpio.o
 .debug_macro   0x00000dbf       0x8e ./Core/Src/gpio.o
 .debug_macro   0x00000e4d       0x51 ./Core/Src/gpio.o
 .debug_macro   0x00000e9e      0x103 ./Core/Src/gpio.o
 .debug_macro   0x00000fa1       0x6a ./Core/Src/gpio.o
 .debug_macro   0x0000100b      0x1df ./Core/Src/gpio.o
 .debug_macro   0x000011ea       0x1c ./Core/Src/gpio.o
 .debug_macro   0x00001206       0x22 ./Core/Src/gpio.o
 .debug_macro   0x00001228       0xfb ./Core/Src/gpio.o
 .debug_macro   0x00001323     0x1011 ./Core/Src/gpio.o
 .debug_macro   0x00002334      0x11f ./Core/Src/gpio.o
 .debug_macro   0x00002453    0x1675e ./Core/Src/gpio.o
 .debug_macro   0x00018bb1       0x6d ./Core/Src/gpio.o
 .debug_macro   0x00018c1e      0xd63 ./Core/Src/gpio.o
 .debug_macro   0x00019981      0x1db ./Core/Src/gpio.o
 .debug_macro   0x00019b5c      0x21c ./Core/Src/gpio.o
 .debug_macro   0x00019d78       0xe8 ./Core/Src/gpio.o
 .debug_macro   0x00019e60      0x1a6 ./Core/Src/gpio.o
 .debug_macro   0x0001a006       0x61 ./Core/Src/gpio.o
 .debug_macro   0x0001a067       0xd5 ./Core/Src/gpio.o
 .debug_macro   0x0001a13c      0x1e6 ./Core/Src/gpio.o
 .debug_macro   0x0001a322      0x5fa ./Core/Src/gpio.o
 .debug_macro   0x0001a91c      0x1bb ./Core/Src/gpio.o
 .debug_macro   0x0001aad7      0x149 ./Core/Src/gpio.o
 .debug_macro   0x0001ac20       0x61 ./Core/Src/gpio.o
 .debug_macro   0x0001ac81       0x2a ./Core/Src/gpio.o
 .debug_macro   0x0001acab       0x43 ./Core/Src/gpio.o
 .debug_macro   0x0001acee       0x34 ./Core/Src/gpio.o
 .debug_macro   0x0001ad22       0x16 ./Core/Src/gpio.o
 .debug_macro   0x0001ad38       0x9e ./Core/Src/gpio.o
 .debug_macro   0x0001add6      0x370 ./Core/Src/gpio.o
 .debug_macro   0x0001b146      0x112 ./Core/Src/gpio.o
 .debug_macro   0x0001b258       0x10 ./Core/Src/gpio.o
 .debug_macro   0x0001b268       0x16 ./Core/Src/gpio.o
 .debug_macro   0x0001b27e       0x4a ./Core/Src/gpio.o
 .debug_macro   0x0001b2c8       0x34 ./Core/Src/gpio.o
 .debug_macro   0x0001b2fc       0x10 ./Core/Src/gpio.o
 .debug_macro   0x0001b30c       0x58 ./Core/Src/gpio.o
 .debug_macro   0x0001b364       0x8e ./Core/Src/gpio.o
 .debug_macro   0x0001b3f2       0x1c ./Core/Src/gpio.o
 .debug_macro   0x0001b40e      0x185 ./Core/Src/gpio.o
 .debug_macro   0x0001b593       0x16 ./Core/Src/gpio.o
 .debug_macro   0x0001b5a9       0x16 ./Core/Src/gpio.o
 .debug_macro   0x0001b5bf      0x146 ./Core/Src/gpio.o
 .debug_macro   0x0001b705       0x5e ./Core/Src/gpio.o
 .debug_macro   0x0001b763      0x25d ./Core/Src/main.o
 .debug_macro   0x0001b9c0      0x22d ./Core/Src/stm32f4xx_it.o
 .debug_macro   0x0001bbed       0xce ./Core/Src/system_stm32f4xx.o
 .debug_macro   0x0001bcbb      0x22d ./Core/Src/tim.o
 .debug_macro   0x0001bee8      0x22d ./Core/Src/usart.o
 .debug_macro   0x0001c115      0x110 ./Drivers/STM32F4xx_HAL_Driver/stm32f4xx_ll_gpio.o
 .debug_macro   0x0001c225      0x143 ./Drivers/STM32F4xx_HAL_Driver/stm32f4xx_ll_gpio.o
 .debug_macro   0x0001c368      0x10d ./Drivers/STM32F4xx_HAL_Driver/stm32f4xx_ll_rcc.o
 .debug_macro   0x0001c475      0x159 ./Drivers/STM32F4xx_HAL_Driver/stm32f4xx_ll_tim.o
 .debug_macro   0x0001c5ce      0x5f4 ./Drivers/STM32F4xx_HAL_Driver/stm32f4xx_ll_tim.o
 .debug_macro   0x0001cbc2      0x13d ./Drivers/STM32F4xx_HAL_Driver/stm32f4xx_ll_usart.o
 .debug_macro   0x0001ccff      0x1b5 ./Drivers/STM32F4xx_HAL_Driver/stm32f4xx_ll_usart.o
 .debug_macro   0x0001ceb4      0xd69 ./Drivers/STM32F4xx_HAL_Driver/stm32f4xx_ll_usart.o
 .debug_macro   0x0001dc1d      0x1cc ./Drivers/STM32F4xx_HAL_Driver/stm32f4xx_ll_utils.o
 .debug_macro   0x0001dde9       0x5b ./Drivers/STM32F4xx_HAL_Driver/stm32f4xx_ll_utils.o

.debug_line     0x00000000     0x720b
 .debug_line    0x00000000      0x855 ./Core/Src/gpio.o
 .debug_line    0x00000855      0xc38 ./Core/Src/main.o
 .debug_line    0x0000148d      0x8d5 ./Core/Src/stm32f4xx_it.o
 .debug_line    0x00001d62      0x5d8 ./Core/Src/system_stm32f4xx.o
 .debug_line    0x0000233a      0x9d7 ./Core/Src/tim.o
 .debug_line    0x00002d11      0x8d5 ./Core/Src/usart.o
 .debug_line    0x000035e6       0x7a ./Core/Startup/startup_stm32f446retx.o
 .debug_line    0x00003660      0x9c0 ./Drivers/STM32F4xx_HAL_Driver/stm32f4xx_ll_gpio.o
 .debug_line    0x00004020     0x1195 ./Drivers/STM32F4xx_HAL_Driver/stm32f4xx_ll_rcc.o
 .debug_line    0x000051b5      0xc65 ./Drivers/STM32F4xx_HAL_Driver/stm32f4xx_ll_tim.o
 .debug_line    0x00005e1a      0x86d ./Drivers/STM32F4xx_HAL_Driver/stm32f4xx_ll_usart.o
 .debug_line    0x00006687      0xb84 ./Drivers/STM32F4xx_HAL_Driver/stm32f4xx_ll_utils.o

.debug_str      0x00000000    0xa6926
 .debug_str     0x00000000    0xa6926 ./Core/Src/gpio.o
                              0xa1f8a (size before relaxing)
 .debug_str     0x000a6926    0xa23e1 ./Core/Src/main.o
 .debug_str     0x000a6926    0xa1e39 ./Core/Src/stm32f4xx_it.o
 .debug_str     0x000a6926    0x8b469 ./Core/Src/system_stm32f4xx.o
 .debug_str     0x000a6926    0xa21a1 ./Core/Src/tim.o
 .debug_str     0x000a6926    0xa2079 ./Core/Src/usart.o
 .debug_str     0x000a6926       0x8e ./Core/Startup/startup_stm32f446retx.o
 .debug_str     0x000a6926    0x8cea6 ./Drivers/STM32F4xx_HAL_Driver/stm32f4xx_ll_gpio.o
 .debug_str     0x000a6926    0x959af ./Drivers/STM32F4xx_HAL_Driver/stm32f4xx_ll_rcc.o
 .debug_str     0x000a6926    0x905ea ./Drivers/STM32F4xx_HAL_Driver/stm32f4xx_ll_tim.o
 .debug_str     0x000a6926    0x97346 ./Drivers/STM32F4xx_HAL_Driver/stm32f4xx_ll_usart.o
 .debug_str     0x000a6926    0x980ab ./Drivers/STM32F4xx_HAL_Driver/stm32f4xx_ll_utils.o

.comment        0x00000000       0x43
 .comment       0x00000000       0x43 ./Core/Src/gpio.o
                                 0x44 (size before relaxing)
 .comment       0x00000043       0x44 ./Core/Src/main.o
 .comment       0x00000043       0x44 ./Core/Src/stm32f4xx_it.o
 .comment       0x00000043       0x44 ./Core/Src/system_stm32f4xx.o
 .comment       0x00000043       0x44 ./Core/Src/tim.o
 .comment       0x00000043       0x44 ./Core/Src/usart.o
 .comment       0x00000043       0x44 ./Drivers/STM32F4xx_HAL_Driver/stm32f4xx_ll_gpio.o
 .comment       0x00000043       0x44 ./Drivers/STM32F4xx_HAL_Driver/stm32f4xx_ll_rcc.o
 .comment       0x00000043       0x44 ./Drivers/STM32F4xx_HAL_Driver/stm32f4xx_ll_tim.o
 .comment       0x00000043       0x44 ./Drivers/STM32F4xx_HAL_Driver/stm32f4xx_ll_usart.o
 .comment       0x00000043       0x44 ./Drivers/STM32F4xx_HAL_Driver/stm32f4xx_ll_utils.o

.debug_frame    0x00000000     0x1ed4
 .debug_frame   0x00000000       0x5c ./Core/Src/gpio.o
 .debug_frame   0x0000005c      0x480 ./Core/Src/main.o
 .debug_frame   0x000004dc      0x108 ./Core/Src/stm32f4xx_it.o
 .debug_frame   0x000005e4       0x58 ./Core/Src/system_stm32f4xx.o
 .debug_frame   0x0000063c      0x14c ./Core/Src/tim.o
 .debug_frame   0x00000788       0xd4 ./Core/Src/usart.o
 .debug_frame   0x0000085c      0x1c0 ./Drivers/STM32F4xx_HAL_Driver/stm32f4xx_ll_gpio.o
 .debug_frame   0x00000a1c      0x87c ./Drivers/STM32F4xx_HAL_Driver/stm32f4xx_ll_rcc.o
 .debug_frame   0x00001298      0x538 ./Drivers/STM32F4xx_HAL_Driver/stm32f4xx_ll_tim.o
 .debug_frame   0x000017d0      0x240 ./Drivers/STM32F4xx_HAL_Driver/stm32f4xx_ll_usart.o
 .debug_frame   0x00001a10      0x418 ./Drivers/STM32F4xx_HAL_Driver/stm32f4xx_ll_utils.o
 .debug_frame   0x00001e28       0x20 C:/ST/STM32CubeIDE_1.19.0/STM32CubeIDE/plugins/com.st.stm32cube.ide.mcu.externaltools.gnu-tools-for-stm32.13.3.rel1.win32_1.0.0.202411081344/tools/bin/../lib/gcc/arm-none-eabi/13.3.1/../../../../arm-none-eabi/lib/thumb/v7e-m+fp/hard\libc_nano.a(libc_a-memset.o)
 .debug_frame   0x00001e48       0x2c C:/ST/STM32CubeIDE_1.19.0/STM32CubeIDE/plugins/com.st.stm32cube.ide.mcu.externaltools.gnu-tools-for-stm32.13.3.rel1.win32_1.0.0.202411081344/tools/bin/../lib/gcc/arm-none-eabi/13.3.1/../../../../arm-none-eabi/lib/thumb/v7e-m+fp/hard\libc_nano.a(libc_a-init.o)
 .debug_frame   0x00001e74       0x2c C:/ST/STM32CubeIDE_1.19.0/STM32CubeIDE/plugins/com.st.stm32cube.ide.mcu.externaltools.gnu-tools-for-stm32.13.3.rel1.win32_1.0.0.202411081344/tools/bin/../lib/gcc/arm-none-eabi/13.3.1/thumb/v7e-m+fp/hard\libgcc.a(_aeabi_uldivmod.o)
 .debug_frame   0x00001ea0       0x34 C:/ST/STM32CubeIDE_1.19.0/STM32CubeIDE/plugins/com.st.stm32cube.ide.mcu.externaltools.gnu-tools-for-stm32.13.3.rel1.win32_1.0.0.202411081344/tools/bin/../lib/gcc/arm-none-eabi/13.3.1/thumb/v7e-m+fp/hard\libgcc.a(_udivmoddi4.o)

.debug_line_str
                0x00000000       0x72
 .debug_line_str
                0x00000000       0x72 ./Core/Startup/startup_stm32f446retx.o
