C:/Users/nicoh/STM32Cube/Repository/STM32Cube_FW_F4_V1.28.3/Drivers/CMSIS/Include/core_cm4.h:1653:22:__NVIC_SetPriorityGrouping	1
C:/Users/nicoh/STM32Cube/Repository/STM32Cube_FW_F4_V1.28.3/Drivers/STM32F4xx_HAL_Driver/Inc/stm32f4xx_ll_rcc.h:2988:22:LL_RCC_HSI_Enable	1
C:/Users/nicoh/STM32Cube/Repository/STM32Cube_FW_F4_V1.28.3/Drivers/STM32F4xx_HAL_Driver/Inc/stm32f4xx_ll_rcc.h:3008:26:LL_RCC_HSI_IsReady	1
C:/Users/nicoh/STM32Cube/Repository/STM32Cube_FW_F4_V1.28.3/Drivers/STM32F4xx_HAL_Driver/Inc/stm32f4xx_ll_rcc.h:3034:22:LL_RCC_HSI_SetCalibTrimming	1
C:/Users/nicoh/STM32Cube/Repository/STM32Cube_FW_F4_V1.28.3/Drivers/STM32F4xx_HAL_Driver/Inc/stm32f4xx_ll_rcc.h:3189:22:LL_RCC_SetSysClkSource	1
C:/Users/nicoh/STM32Cube/Repository/STM32Cube_FW_F4_V1.28.3/Drivers/STM32F4xx_HAL_Driver/Inc/stm32f4xx_ll_rcc.h:3205:26:LL_RCC_GetSysClkSource	1
C:/Users/nicoh/STM32Cube/Repository/STM32Cube_FW_F4_V1.28.3/Drivers/STM32F4xx_HAL_Driver/Inc/stm32f4xx_ll_rcc.h:3225:22:LL_RCC_SetAHBPrescaler	1
C:/Users/nicoh/STM32Cube/Repository/STM32Cube_FW_F4_V1.28.3/Drivers/STM32F4xx_HAL_Driver/Inc/stm32f4xx_ll_rcc.h:3241:22:LL_RCC_SetAPB1Prescaler	1
C:/Users/nicoh/STM32Cube/Repository/STM32Cube_FW_F4_V1.28.3/Drivers/STM32F4xx_HAL_Driver/Inc/stm32f4xx_ll_rcc.h:3257:22:LL_RCC_SetAPB2Prescaler	1
C:/Users/nicoh/STM32Cube/Repository/STM32Cube_FW_F4_V1.28.3/Drivers/STM32F4xx_HAL_Driver/Inc/stm32f4xx_ll_rcc.h:4154:22:LL_RCC_SetTIMPrescaler	1
C:/Users/nicoh/STM32Cube/Repository/STM32Cube_FW_F4_V1.28.3/Drivers/STM32F4xx_HAL_Driver/Inc/stm32f4xx_ll_rcc.h:4185:22:LL_RCC_PLL_Enable	1
C:/Users/nicoh/STM32Cube/Repository/STM32Cube_FW_F4_V1.28.3/Drivers/STM32F4xx_HAL_Driver/Inc/stm32f4xx_ll_rcc.h:4206:26:LL_RCC_PLL_IsReady	1
C:/Users/nicoh/STM32Cube/Repository/STM32Cube_FW_F4_V1.28.3/Drivers/STM32F4xx_HAL_Driver/Inc/stm32f4xx_ll_rcc.h:4305:22:LL_RCC_PLL_ConfigDomain_SYS	1
C:/Users/nicoh/STM32Cube/Repository/STM32Cube_FW_F4_V1.28.3/Drivers/STM32F4xx_HAL_Driver/Inc/stm32f4xx_ll_bus.h:1185:22:LL_APB1_GRP1_EnableClock	1
C:/Users/nicoh/STM32Cube/Repository/STM32Cube_FW_F4_V1.28.3/Drivers/STM32F4xx_HAL_Driver/Inc/stm32f4xx_ll_bus.h:1704:22:LL_APB2_GRP1_EnableClock	1
C:/Users/nicoh/STM32Cube/Repository/STM32Cube_FW_F4_V1.28.3/Drivers/STM32F4xx_HAL_Driver/Inc/stm32f4xx_ll_system.h:1543:22:LL_FLASH_SetLatency	1
C:/Users/nicoh/STM32Cube/Repository/STM32Cube_FW_F4_V1.28.3/Drivers/STM32F4xx_HAL_Driver/Inc/stm32f4xx_ll_system.h:1569:26:LL_FLASH_GetLatency	1
C:/Users/nicoh/STM32Cube/Repository/STM32Cube_FW_F4_V1.28.3/Drivers/STM32F4xx_HAL_Driver/Inc/stm32f4xx_ll_pwr.h:353:22:LL_PWR_DisableOverDriveMode	1
C:/Users/nicoh/STM32Cube/Repository/STM32Cube_FW_F4_V1.28.3/Drivers/STM32F4xx_HAL_Driver/Inc/stm32f4xx_ll_pwr.h:505:22:LL_PWR_SetRegulVoltageScaling	1
C:/Users/nicoh/STM32Cube/Repository/STM32Cube_FW_F4_V1.28.3/Drivers/STM32F4xx_HAL_Driver/Inc/stm32f4xx_ll_pwr.h:883:26:LL_PWR_IsActiveFlag_VOS	1
C:/Users/nicoh/STM32Cube/Repository/STM32Cube_FW_F4_V1.28.3/Drivers/STM32F4xx_HAL_Driver/Inc/stm32f4xx_ll_tim.h:1116:22:LL_TIM_EnableCounter	1
C:/Users/nicoh/STM32Cube/Repository/STM32Cube_FW_F4_V1.28.3/Drivers/STM32F4xx_HAL_Driver/Inc/stm32f4xx_ll_tim.h:1451:26:LL_TIM_GetAutoReload	1
C:/Users/nicoh/STM32Cube/Repository/STM32Cube_FW_F4_V1.28.3/Drivers/STM32F4xx_HAL_Driver/Inc/stm32f4xx_ll_tim.h:1612:22:LL_TIM_CC_EnableChannel	1
C:/Users/nicoh/STM32Cube/Repository/STM32Cube_FW_F4_V1.28.3/Drivers/STM32F4xx_HAL_Driver/Inc/stm32f4xx_ll_tim.h:2120:22:LL_TIM_OC_SetCompareCH1	1
C:/Users/nicoh/STM32Cube/Repository/STM32Cube_FW_F4_V1.28.3/Drivers/STM32F4xx_HAL_Driver/Inc/stm32f4xx_ll_tim.h:2995:22:LL_TIM_EnableAllOutputs	1
C:/Users/nicoh/STM32Cube/Repository/STM32Cube_FW_F4_V1.28.3/Drivers/STM32F4xx_HAL_Driver/Inc/stm32f4xx_ll_usart.h:1814:26:LL_USART_IsActiveFlag_TXE	1
C:/Users/nicoh/STM32Cube/Repository/STM32Cube_FW_F4_V1.28.3/Drivers/STM32F4xx_HAL_Driver/Inc/stm32f4xx_ll_usart.h:2426:22:LL_USART_TransmitData8	1
../Core/Src/main.c:66:5:__io_putchar	2
../Core/Src/main.c:78:5:main	3
../Core/Src/main.c:163:6:SystemClock_Config	6
../Core/Src/main.c:208:6:Error_Handler	1
