../Drivers/STM32F4xx_HAL_Driver/Inc/stm32f4xx_ll_exti.h:834:26:LL_EXTI_IsActiveFlag_0_31	16	static
../Drivers/STM32F4xx_HAL_Driver/Inc/stm32f4xx_ll_exti.h:910:22:LL_EXTI_ClearFlag_0_31	16	static
../Core/Src/stm32f4xx_it.c:71:6:NMI_Handler	4	static
../Core/Src/stm32f4xx_it.c:86:6:HardFault_Handler	4	static
../Core/Src/stm32f4xx_it.c:101:6:MemManage_Handler	4	static
../Core/Src/stm32f4xx_it.c:116:6:BusFault_Handler	4	static
../Core/Src/stm32f4xx_it.c:131:6:UsageFault_Handler	4	static
../Core/Src/stm32f4xx_it.c:146:6:DebugMon_Handler	4	static
../Core/Src/stm32f4xx_it.c:159:6:SysTick_Handler	8	static
../Core/Src/stm32f4xx_it.c:187:6:EXTI15_10_IRQHandler	8	static
