Archive member included to satisfy reference by file (symbol)

/Applications/STM32CubeIDE.app/Contents/Eclipse/plugins/com.st.stm32cube.ide.mcu.externaltools.gnu-tools-for-stm32.13.3.rel1.macos64_1.0.0.202411102158/tools/bin/../lib/gcc/arm-none-eabi/13.3.1/../../../../arm-none-eabi/lib/thumb/v7e-m+fp/hard/libc_nano.a(libc_a-exit.o)
                              /Applications/STM32CubeIDE.app/Contents/Eclipse/plugins/com.st.stm32cube.ide.mcu.externaltools.gnu-tools-for-stm32.13.3.rel1.macos64_1.0.0.202411102158/tools/bin/../lib/gcc/arm-none-eabi/13.3.1/../../../../arm-none-eabi/lib/thumb/v7e-m+fp/hard/crt0.o (exit)
/Applications/STM32CubeIDE.app/Contents/Eclipse/plugins/com.st.stm32cube.ide.mcu.externaltools.gnu-tools-for-stm32.13.3.rel1.macos64_1.0.0.202411102158/tools/bin/../lib/gcc/arm-none-eabi/13.3.1/../../../../arm-none-eabi/lib/thumb/v7e-m+fp/hard/libc_nano.a(libc_a-findfp.o)
                              /Applications/STM32CubeIDE.app/Contents/Eclipse/plugins/com.st.stm32cube.ide.mcu.externaltools.gnu-tools-for-stm32.13.3.rel1.macos64_1.0.0.202411102158/tools/bin/../lib/gcc/arm-none-eabi/13.3.1/../../../../arm-none-eabi/lib/thumb/v7e-m+fp/hard/libc_nano.a(libc_a-exit.o) (__stdio_exit_handler)
/Applications/STM32CubeIDE.app/Contents/Eclipse/plugins/com.st.stm32cube.ide.mcu.externaltools.gnu-tools-for-stm32.13.3.rel1.macos64_1.0.0.202411102158/tools/bin/../lib/gcc/arm-none-eabi/13.3.1/../../../../arm-none-eabi/lib/thumb/v7e-m+fp/hard/libc_nano.a(libc_a-fwalk.o)
                              /Applications/STM32CubeIDE.app/Contents/Eclipse/plugins/com.st.stm32cube.ide.mcu.externaltools.gnu-tools-for-stm32.13.3.rel1.macos64_1.0.0.202411102158/tools/bin/../lib/gcc/arm-none-eabi/13.3.1/../../../../arm-none-eabi/lib/thumb/v7e-m+fp/hard/libc_nano.a(libc_a-findfp.o) (_fwalk_sglue)
/Applications/STM32CubeIDE.app/Contents/Eclipse/plugins/com.st.stm32cube.ide.mcu.externaltools.gnu-tools-for-stm32.13.3.rel1.macos64_1.0.0.202411102158/tools/bin/../lib/gcc/arm-none-eabi/13.3.1/../../../../arm-none-eabi/lib/thumb/v7e-m+fp/hard/libc_nano.a(libc_a-memset.o)
                              /Applications/STM32CubeIDE.app/Contents/Eclipse/plugins/com.st.stm32cube.ide.mcu.externaltools.gnu-tools-for-stm32.13.3.rel1.macos64_1.0.0.202411102158/tools/bin/../lib/gcc/arm-none-eabi/13.3.1/../../../../arm-none-eabi/lib/thumb/v7e-m+fp/hard/crt0.o (memset)
/Applications/STM32CubeIDE.app/Contents/Eclipse/plugins/com.st.stm32cube.ide.mcu.externaltools.gnu-tools-for-stm32.13.3.rel1.macos64_1.0.0.202411102158/tools/bin/../lib/gcc/arm-none-eabi/13.3.1/../../../../arm-none-eabi/lib/thumb/v7e-m+fp/hard/libc_nano.a(libc_a-errno.o)
                              ./Core/Src/syscalls.o (__errno)
/Applications/STM32CubeIDE.app/Contents/Eclipse/plugins/com.st.stm32cube.ide.mcu.externaltools.gnu-tools-for-stm32.13.3.rel1.macos64_1.0.0.202411102158/tools/bin/../lib/gcc/arm-none-eabi/13.3.1/../../../../arm-none-eabi/lib/thumb/v7e-m+fp/hard/libc_nano.a(libc_a-init.o)
                              /Applications/STM32CubeIDE.app/Contents/Eclipse/plugins/com.st.stm32cube.ide.mcu.externaltools.gnu-tools-for-stm32.13.3.rel1.macos64_1.0.0.202411102158/tools/bin/../lib/gcc/arm-none-eabi/13.3.1/../../../../arm-none-eabi/lib/thumb/v7e-m+fp/hard/crt0.o (__libc_init_array)
/Applications/STM32CubeIDE.app/Contents/Eclipse/plugins/com.st.stm32cube.ide.mcu.externaltools.gnu-tools-for-stm32.13.3.rel1.macos64_1.0.0.202411102158/tools/bin/../lib/gcc/arm-none-eabi/13.3.1/../../../../arm-none-eabi/lib/thumb/v7e-m+fp/hard/libc_nano.a(libc_a-lock.o)
                              /Applications/STM32CubeIDE.app/Contents/Eclipse/plugins/com.st.stm32cube.ide.mcu.externaltools.gnu-tools-for-stm32.13.3.rel1.macos64_1.0.0.202411102158/tools/bin/../lib/gcc/arm-none-eabi/13.3.1/../../../../arm-none-eabi/lib/thumb/v7e-m+fp/hard/libc_nano.a(libc_a-findfp.o) (__retarget_lock_init_recursive)
/Applications/STM32CubeIDE.app/Contents/Eclipse/plugins/com.st.stm32cube.ide.mcu.externaltools.gnu-tools-for-stm32.13.3.rel1.macos64_1.0.0.202411102158/tools/bin/../lib/gcc/arm-none-eabi/13.3.1/../../../../arm-none-eabi/lib/thumb/v7e-m+fp/hard/libc_nano.a(libc_a-impure.o)
                              /Applications/STM32CubeIDE.app/Contents/Eclipse/plugins/com.st.stm32cube.ide.mcu.externaltools.gnu-tools-for-stm32.13.3.rel1.macos64_1.0.0.202411102158/tools/bin/../lib/gcc/arm-none-eabi/13.3.1/../../../../arm-none-eabi/lib/thumb/v7e-m+fp/hard/libc_nano.a(libc_a-errno.o) (_impure_ptr)
/Applications/STM32CubeIDE.app/Contents/Eclipse/plugins/com.st.stm32cube.ide.mcu.externaltools.gnu-tools-for-stm32.13.3.rel1.macos64_1.0.0.202411102158/tools/bin/../lib/gcc/arm-none-eabi/13.3.1/../../../../arm-none-eabi/lib/thumb/v7e-m+fp/hard/libc_nano.a(libc_a-memcpy-stub.o)
                              ./Middlewares/Third_Party/FreeRTOS/Source/queue.o (memcpy)
[...]
Memory Configuration

Name             Origin             Length             Attributes
RAM              0x20000000         0x00020000         xrw
FLASH            0x08000000         0x00080000         xr
*default*        0x00000000         0xffffffff

Linker script and memory map

LOAD /Applications/STM32CubeIDE.app/Contents/Eclipse/plugins/com.st.stm32cube.ide.mcu.externaltools.gnu-tools-for-stm32.13.3.rel1.macos64_1.0.0.202411102158/tools/bin/../lib/gcc/arm-none-eabi/13.3.1/thumb/v7e-m+fp/hard/crti.o
LOAD /Applications/STM32CubeIDE.app/Contents/Eclipse/plugins/com.st.stm32cube.ide.mcu.externaltools.gnu-tools-for-stm32.13.3.rel1.macos64_1.0.0.202411102158/tools/bin/../lib/gcc/arm-none-eabi/13.3.1/thumb/v7e-m+fp/hard/crtbegin.o
LOAD /Applications/STM32CubeIDE.app/Contents/Eclipse/plugins/com.st.stm32cube.ide.mcu.externaltools.gnu-tools-for-stm32.13.3.rel1.macos64_1.0.0.202411102158/tools/bin/../lib/gcc/arm-none-eabi/13.3.1/../../../../arm-none-eabi/lib/thumb/v7e-m+fp/hard/crt0.o
LOAD ./Core/Src/freertos.o
LOAD ./Core/Src/main.o
LOAD ./Core/Src/stm32f4xx_it.o
LOAD ./Core/Src/syscalls.o
LOAD ./Core/Src/sysmem.o
LOAD ./Core/Src/system_stm32f4xx.o
LOAD ./Core/Startup/startup_stm32f446retx.o
LOAD ./Drivers/STM32F4xx_HAL_Driver/Src/stm32f4xx_ll_dma.o
LOAD ./Drivers/STM32F4xx_HAL_Driver/Src/stm32f4xx_ll_exti.o
LOAD ./Drivers/STM32F4xx_HAL_Driver/Src/stm32f4xx_ll_gpio.o
LOAD ./Drivers/STM32F4xx_HAL_Driver/Src/stm32f4xx_ll_rcc.o
LOAD ./Drivers/STM32F4xx_HAL_Driver/Src/stm32f4xx_ll_tim.o
LOAD ./Drivers/STM32F4xx_HAL_Driver/Src/stm32f4xx_ll_usart.o
LOAD ./Drivers/STM32F4xx_HAL_Driver/Src/stm32f4xx_ll_utils.o
LOAD ./Middlewares/Third_Party/FreeRTOS/Source/CMSIS_RTOS/cmsis_os.o
LOAD ./Middlewares/Third_Party/FreeRTOS/Source/croutine.o
LOAD ./Middlewares/Third_Party/FreeRTOS/Source/event_groups.o
LOAD ./Middlewares/Third_Party/FreeRTOS/Source/list.o
LOAD ./Middlewares/Third_Party/FreeRTOS/Source/queue.o
LOAD ./Middlewares/Third_Party/FreeRTOS/Source/stream_buffer.o
LOAD ./Middlewares/Third_Party/FreeRTOS/Source/tasks.o
LOAD ./Middlewares/Third_Party/FreeRTOS/Source/timers.o
LOAD ./Middlewares/Third_Party/FreeRTOS/Source/portable/GCC/ARM_CM4F/port.o
LOAD ./Middlewares/Third_Party/FreeRTOS/Source/portable/MemMang/heap_4.o
START GROUP
LOAD /Applications/STM32CubeIDE.app/Contents/Eclipse/plugins/com.st.stm32cube.ide.mcu.externaltools.gnu-tools-for-stm32.13.3.rel1.macos64_1.0.0.202411102158/tools/bin/../lib/gcc/arm-none-eabi/13.3.1/../../../../arm-none-eabi/lib/thumb/v7e-m+fp/hard/libc_nano.a
LOAD /Applications/STM32CubeIDE.app/Contents/Eclipse/plugins/com.st.stm32cube.ide.mcu.externaltools.gnu-tools-for-stm32.13.3.rel1.macos64_1.0.0.202411102158/tools/bin/../lib/gcc/arm-none-eabi/13.3.1/../../../../arm-none-eabi/lib/thumb/v7e-m+fp/hard/libm.a
END GROUP
START GROUP
LOAD /Applications/STM32CubeIDE.app/Contents/Eclipse/plugins/com.st.stm32cube.ide.mcu.externaltools.gnu-tools-for-stm32.13.3.rel1.macos64_1.0.0.202411102158/tools/bin/../lib/gcc/arm-none-eabi/13.3.1/thumb/v7e-m+fp/hard/libgcc.a
LOAD /Applications/STM32CubeIDE.app/Contents/Eclipse/plugins/com.st.stm32cube.ide.mcu.externaltools.gnu-tools-for-stm32.13.3.rel1.macos64_1.0.0.202411102158/tools/bin/../lib/gcc/arm-none-eabi/13.3.1/../../../../arm-none-eabi/lib/thumb/v7e-m+fp/hard/libc_nano.a
END GROUP
START GROUP
LOAD /Applications/STM32CubeIDE.app/Contents/Eclipse/plugins/com.st.stm32cube.ide.mcu.externaltools.gnu-tools-for-stm32.13.3.rel1.macos64_1.0.0.202411102158/tools/bin/../lib/gcc/arm-none-eabi/13.3.1/thumb/v7e-m+fp/hard/libgcc.a
LOAD /Applications/STM32CubeIDE.app/Contents/Eclipse/plugins/com.st.stm32cube.ide.mcu.externaltools.gnu-tools-for-stm32.13.3.rel1.macos64_1.0.0.202411102158/tools/bin/../lib/gcc/arm-none-eabi/13.3.1/../../../../arm-none-eabi/lib/thumb/v7e-m+fp/hard/libc_nano.a
LOAD /Applications/STM32CubeIDE.app/Contents/Eclipse/plugins/com.st.stm32cube.ide.mcu.externaltools.gnu-tools-for-stm32.13.3.rel1.macos64_1.0.0.202411102158/tools/bin/../lib/gcc/arm-none-eabi/13.3.1/../../../../arm-none-eabi/lib/thumb/v7e-m+fp/hard/libnosys.a
END GROUP
START GROUP
LOAD /Applications/STM32CubeIDE.app/Contents/Eclipse/plugins/com.st.stm32cube.ide.mcu.externaltools.gnu-tools-for-stm32.13.3.rel1.macos64_1.0.0.202411102158/tools/bin/../lib/gcc/arm-none-eabi/13.3.1/thumb/v7e-m+fp/hard/libgcc.a
LOAD /Applications/STM32CubeIDE.app/Contents/Eclipse/plugins/com.st.stm32cube.ide.mcu.externaltools.gnu-tools-for-stm32.13.3.rel1.macos64_1.0.0.202411102158/tools/bin/../lib/gcc/arm-none-eabi/13.3.1/../../../../arm-none-eabi/lib/thumb/v7e-m+fp/hard/libc_nano.a
LOAD /Applications/STM32CubeIDE.app/Contents/Eclipse/plugins/com.st.stm32cube.ide.mcu.externaltools.gnu-tools-for-stm32.13.3.rel1.macos64_1.0.0.202411102158/tools/bin/../lib/gcc/arm-none-eabi/13.3.1/../../../../arm-none-eabi/lib/thumb/v7e-m+fp/hard/libnosys.a
END GROUP
LOAD /Applications/STM32CubeIDE.app/Contents/Eclipse/plugins/com.st.stm32cube.ide.mcu.externaltools.gnu-tools-for-stm32.13.3.rel1.macos64_1.0.0.202411102158/tools/bin/../lib/gcc/arm-none-eabi/13.3.1/thumb/v7e-m+fp/hard/crtend.o
LOAD /Applications/STM32CubeIDE.app/Contents/Eclipse/plugins/com.st.stm32cube.ide.mcu.externaltools.gnu-tools-for-stm32.13.3.rel1.macos64_1.0.0.202411102158/tools/bin/../lib/gcc/arm-none-eabi/13.3.1/thumb/v7e-m+fp/hard/crtn.o
                0x20020000                        _estack = (ORIGIN (RAM) + LENGTH (RAM))
                0x00000200                        _Min_Heap_Size = 0x200
                0x00000400                        _Min_Stack_Size = 0x400

.isr_vector     0x08000000      0x1c4
                0x08000000                        . = ALIGN (0x4)
 *(.isr_vector)
 .isr_vector    0x08000000      0x1c4 ./Core/Startup/startup_stm32f446retx.o
                0x08000000                g_pfnVectors
                0x080001c4                        . = ALIGN (0x4)

.text           0x080001d0     0x3d64
                0x080001d0                        . = ALIGN (0x4)
 *(.text)
 .text          0x080001d0       0x40 /Applications/STM32CubeIDE.app/Contents/Eclipse/plugins/com.st.stm32cube.ide.mcu.externaltools.gnu-tools-for-stm32.13.3.rel1.macos64_1.0.0.202411102158/tools/bin/../lib/gcc/arm-none-eabi/13.3.1/thumb/v7e-m+fp/hard/crtbegin.o
 .text          0x08000210       0x30 /Applications/STM32CubeIDE.app/Contents/Eclipse/plugins/com.st.stm32cube.ide.mcu.externaltools.gnu-tools-for-stm32.13.3.rel1.macos64_1.0.0.202411102158/tools/bin/../lib/gcc/arm-none-eabi/13.3.1/thumb/v7e-m+fp/hard/libgcc.a(_aeabi_uldivmod.o)
                0x08000210                __aeabi_uldivmod
 .text          0x08000240      0x2f8 /Applications/STM32CubeIDE.app/Contents/Eclipse/plugins/com.st.stm32cube.ide.mcu.externaltools.gnu-tools-for-stm32.13.3.rel1.macos64_1.0.0.202411102158/tools/bin/../lib/gcc/arm-none-eabi/13.3.1/thumb/v7e-m+fp/hard/libgcc.a(_udivmoddi4.o)
                0x08000240                __udivmoddi4
 .text          0x08000538        0x4 /Applications/STM32CubeIDE.app/Contents/Eclipse/plugins/com.st.stm32cube.ide.mcu.externaltools.gnu-tools-for-stm32.13.3.rel1.macos64_1.0.0.202411102158/tools/bin/../lib/gcc/arm-none-eabi/13.3.1/thumb/v7e-m+fp/hard/libgcc.a(_dvmd_tls.o)
                0x08000538                __aeabi_ldiv0
                0x08000538                __aeabi_idiv0
 *(.text*)
 .text.vApplicationGetIdleTaskMemory
                0x0800053c       0x34 ./Core/Src/freertos.o
                0x0800053c                vApplicationGetIdleTaskMemory
 .text.__NVIC_SetPriorityGrouping
                0x08000570       0x48 ./Core/Src/main.o
 .text.__NVIC_GetPriorityGrouping
                0x080005b8       0x1c ./Core/Src/main.o
 .text.__NVIC_EnableIRQ
                0x080005d4       0x3c ./Core/Src/main.o
 .text.__NVIC_SetPriority
                0x08000610       0x54 ./Core/Src/main.o
 .text.NVIC_EncodePriority
                0x08000664       0x66 ./Core/Src/main.o
 *fill*         0x080006ca        0x2 
 .text.LL_RCC_HSI_Enable
                0x080006cc       0x20 ./Core/Src/main.o
 .text.LL_RCC_HSI_IsReady
                0x080006ec       0x24 ./Core/Src/main.o
 .text.LL_RCC_HSI_SetCalibTrimming
                0x08000710       0x2c ./Core/Src/main.o
 .text.LL_RCC_SetSysClkSource
                0x0800073c       0x28 ./Core/Src/main.o
 .text.LL_RCC_GetSysClkSource
                0x08000764       0x1c ./Core/Src/main.o
 .text.LL_RCC_SetAHBPrescaler
                0x08000780       0x28 ./Core/Src/main.o
 .text.LL_RCC_SetAPB1Prescaler
                0x080007a8       0x28 ./Core/Src/main.o
 .text.LL_RCC_SetAPB2Prescaler
                0x080007d0       0x28 ./Core/Src/main.o
 .text.LL_RCC_SetTIMPrescaler
                0x080007f8       0x2c ./Core/Src/main.o
 .text.LL_RCC_PLL_Enable
                0x08000824       0x20 ./Core/Src/main.o
 .text.LL_RCC_PLL_IsReady
                0x08000844       0x28 ./Core/Src/main.o
 .text.LL_RCC_PLL_ConfigDomain_SYS
                0x0800086c       0x5c ./Core/Src/main.o
 .text.LL_AHB1_GRP1_EnableClock
                0x080008c8       0x30 ./Core/Src/main.o
 .text.LL_APB1_GRP1_EnableClock
                0x080008f8       0x30 ./Core/Src/main.o
 .text.LL_APB2_GRP1_EnableClock
                0x08000928       0x30 ./Core/Src/main.o
 .text.LL_SYSCFG_SetEXTISource
                0x08000958       0x6c ./Core/Src/main.o
 .text.LL_FLASH_SetLatency
                0x080009c4       0x28 ./Core/Src/main.o
 .text.LL_FLASH_GetLatency
                0x080009ec       0x1c ./Core/Src/main.o
 .text.LL_PWR_DisableOverDriveMode
                0x08000a08       0x20 ./Core/Src/main.o
 .text.LL_PWR_SetRegulVoltageScaling
                0x08000a28       0x28 ./Core/Src/main.o
 .text.LL_PWR_IsActiveFlag_VOS
                0x08000a50       0x28 ./Core/Src/main.o
 .text.LL_TIM_EnableCounter
                0x08000a78       0x20 ./Core/Src/main.o
 .text.LL_TIM_EnableARRPreload
                0x08000a98       0x20 ./Core/Src/main.o
 .text.LL_TIM_CC_EnableChannel
                0x08000ab8       0x22 ./Core/Src/main.o
 *fill*         0x08000ada        0x2 
 .text.LL_TIM_OC_DisableFast
                0x08000adc       0x8c ./Core/Src/main.o
 .text.LL_TIM_OC_EnablePreload
                0x08000b68       0x88 ./Core/Src/main.o
 .text.LL_TIM_OC_SetCompareCH1
                0x08000bf0       0x1c ./Core/Src/main.o
 .text.LL_TIM_OC_SetCompareCH2
                0x08000c0c       0x1c ./Core/Src/main.o
 .text.LL_TIM_OC_SetCompareCH3
                0x08000c28       0x1c ./Core/Src/main.o
 .text.LL_TIM_SetTriggerOutput
                0x08000c44       0x26 ./Core/Src/main.o
 .text.LL_TIM_DisableMasterSlaveMode
                0x08000c6a       0x20 ./Core/Src/main.o
 .text.LL_TIM_EnableAllOutputs
                0x08000c8a       0x20 ./Core/Src/main.o
 .text.LL_USART_Enable
                0x08000caa       0x20 ./Core/Src/main.o
 .text.LL_USART_ConfigAsyncMode
                0x08000cca       0x2c ./Core/Src/main.o
 .text.LL_GPIO_SetPinMode
                0x08000cf6       0x7a ./Core/Src/main.o
 .text.LL_GPIO_SetPinPull
                0x08000d70       0x7a ./Core/Src/main.o
 .text.LL_GPIO_ResetOutputPin
                0x08000dea       0x1e ./Core/Src/main.o
 .text.SetPhasePWM
                0x08000e08       0x54 ./Core/Src/main.o
                0x08000e08                SetPhasePWM
 .text.runMotor
                0x08000e5c      0x158 ./Core/Src/main.o
                0x08000e5c                runMotor
 .text.motorTask
                0x08000fb4       0x44 ./Core/Src/main.o
                0x08000fb4                motorTask
 .text.main     0x08000ff8       0xb4 ./Core/Src/main.o
                0x08000ff8                main
 .text.SystemClock_Config
                0x080010ac       0xa4 ./Core/Src/main.o
                0x080010ac                SystemClock_Config
 .text.MX_TIM1_Init
                0x08001150      0x16c ./Core/Src/main.o
 .text.MX_USART2_UART_Init
                0x080012bc       0xa0 ./Core/Src/main.o
 .text.MX_GPIO_Init
                0x0800135c       0xd0 ./Core/Src/main.o
 .text.LL_EXTI_IsActiveFlag_0_31
                0x0800142c       0x2c ./Core/Src/stm32f4xx_it.o
 .text.LL_EXTI_ClearFlag_0_31
                0x08001458       0x20 ./Core/Src/stm32f4xx_it.o
 .text.NMI_Handler
                0x08001478        0x8 ./Core/Src/stm32f4xx_it.o
                0x08001478                NMI_Handler
 .text.HardFault_Handler
                0x08001480        0x8 ./Core/Src/stm32f4xx_it.o
                0x08001480                HardFault_Handler
 .text.MemManage_Handler
                0x08001488        0x8 ./Core/Src/stm32f4xx_it.o
                0x08001488                MemManage_Handler
 .text.BusFault_Handler
                0x08001490        0x8 ./Core/Src/stm32f4xx_it.o
                0x08001490                BusFault_Handler
 .text.UsageFault_Handler
                0x08001498        0x8 ./Core/Src/stm32f4xx_it.o
                0x08001498                UsageFault_Handler
 .text.DebugMon_Handler
                0x080014a0        0xe ./Core/Src/stm32f4xx_it.o
                0x080014a0                DebugMon_Handler
 .text.SysTick_Handler
                0x080014ae       0x16 ./Core/Src/stm32f4xx_it.o
                0x080014ae                SysTick_Handler
 .text.EXTI15_10_IRQHandler
                0x080014c4       0x28 ./Core/Src/stm32f4xx_it.o
                0x080014c4                EXTI15_10_IRQHandler
 .text.SystemInit
                0x080014ec       0x24 ./Core/Src/system_stm32f4xx.o
                0x080014ec                SystemInit
 .text.Reset_Handler
                0x08001510       0x50 ./Core/Startup/startup_stm32f446retx.o
                0x08001510                Reset_Handler
 .text.Default_Handler
                0x08001560        0x2 ./Core/Startup/startup_stm32f446retx.o
                0x08001560                DMA1_Stream3_IRQHandler
                0x08001560                EXTI2_IRQHandler
                0x08001560                TIM8_CC_IRQHandler
                0x08001560                FMPI2C1_EV_IRQHandler
                0x08001560                SPI4_IRQHandler
                0x08001560                TIM1_CC_IRQHandler
                0x08001560                DMA2_Stream5_IRQHandler
                0x08001560                DMA1_Stream5_IRQHandler
                0x08001560                PVD_IRQHandler
                0x08001560                SDIO_IRQHandler
                0x08001560                TAMP_STAMP_IRQHandler
                0x08001560                CAN2_RX1_IRQHandler
                0x08001560                EXTI3_IRQHandler
                0x08001560                TIM8_TRG_COM_TIM14_IRQHandler
                0x08001560                TIM1_UP_TIM10_IRQHandler
                0x08001560                TIM8_UP_TIM13_IRQHandler
                0x08001560                I2C3_ER_IRQHandler
                0x08001560                EXTI0_IRQHandler
                0x08001560                I2C2_EV_IRQHandler
                0x08001560                DMA1_Stream2_IRQHandler
                0x08001560                CAN1_RX0_IRQHandler
                0x08001560                FPU_IRQHandler
                0x08001560                OTG_HS_WKUP_IRQHandler
                0x08001560                CAN2_SCE_IRQHandler
                0x08001560                DMA2_Stream2_IRQHandler
                0x08001560                SPI1_IRQHandler
                0x08001560                TIM6_DAC_IRQHandler
                0x08001560                TIM1_BRK_TIM9_IRQHandler
                0x08001560                DCMI_IRQHandler
                0x08001560                CAN2_RX0_IRQHandler
                0x08001560                DMA2_Stream3_IRQHandler
                0x08001560                SAI2_IRQHandler
                0x08001560                USART6_IRQHandler
                0x08001560                USART3_IRQHandler
                0x08001560                CAN1_RX1_IRQHandler
                0x08001560                UART5_IRQHandler
                0x08001560                DMA2_Stream0_IRQHandler
                0x08001560                TIM4_IRQHandler
                0x08001560                QUADSPI_IRQHandler
                0x08001560                I2C1_EV_IRQHandler
                0x08001560                DMA1_Stream6_IRQHandler
                0x08001560                DMA1_Stream1_IRQHandler
                0x08001560                UART4_IRQHandler
                0x08001560                TIM3_IRQHandler
                0x08001560                RCC_IRQHandler
                0x08001560                TIM8_BRK_TIM12_IRQHandler
                0x08001560                Default_Handler
                0x08001560                CEC_IRQHandler
                0x08001560                ADC_IRQHandler
                0x08001560                DMA1_Stream7_IRQHandler
                0x08001560                TIM7_IRQHandler
                0x08001560                CAN2_TX_IRQHandler
                0x08001560                TIM5_IRQHandler
                0x08001560                DMA2_Stream7_IRQHandler
                0x08001560                I2C3_EV_IRQHandler
                0x08001560                EXTI9_5_IRQHandler
                0x08001560                RTC_WKUP_IRQHandler
                0x08001560                SPDIF_RX_IRQHandler
                0x08001560                SPI2_IRQHandler
                0x08001560                OTG_HS_EP1_IN_IRQHandler
                0x08001560                DMA1_Stream0_IRQHandler
                0x08001560                CAN1_TX_IRQHandler
                0x08001560                FMPI2C1_ER_IRQHandler
                0x08001560                EXTI4_IRQHandler
                0x08001560                OTG_HS_EP1_OUT_IRQHandler
                0x08001560                WWDG_IRQHandler
                0x08001560                TIM2_IRQHandler
                0x08001560                OTG_FS_WKUP_IRQHandler
                0x08001560                TIM1_TRG_COM_TIM11_IRQHandler
                0x08001560                OTG_HS_IRQHandler
                0x08001560                EXTI1_IRQHandler
                0x08001560                USART2_IRQHandler
                0x08001560                I2C2_ER_IRQHandler
                0x08001560                DMA2_Stream1_IRQHandler
                0x08001560                CAN1_SCE_IRQHandler
                0x08001560                FLASH_IRQHandler
                0x08001560                DMA2_Stream4_IRQHandler
                0x08001560                USART1_IRQHandler
                0x08001560                OTG_FS_IRQHandler
                0x08001560                SPI3_IRQHandler
                0x08001560                DMA1_Stream4_IRQHandler
                0x08001560                I2C1_ER_IRQHandler
                0x08001560                FMC_IRQHandler
                0x08001560                DMA2_Stream6_IRQHandler
                0x08001560                SAI1_IRQHandler
                0x08001560                RTC_Alarm_IRQHandler
 *fill*         0x08001562        0x2 
 .text.LL_EXTI_EnableIT_0_31
                0x08001564       0x24 ./Drivers/STM32F4xx_HAL_Driver/Src/stm32f4xx_ll_exti.o
 .text.LL_EXTI_DisableIT_0_31
                0x08001588       0x28 ./Drivers/STM32F4xx_HAL_Driver/Src/stm32f4xx_ll_exti.o
 .text.LL_EXTI_EnableEvent_0_31
                0x080015b0       0x24 ./Drivers/STM32F4xx_HAL_Driver/Src/stm32f4xx_ll_exti.o
 .text.LL_EXTI_DisableEvent_0_31
                0x080015d4       0x28 ./Drivers/STM32F4xx_HAL_Driver/Src/stm32f4xx_ll_exti.o
 .text.LL_EXTI_EnableRisingTrig_0_31
                0x080015fc       0x24 ./Drivers/STM32F4xx_HAL_Driver/Src/stm32f4xx_ll_exti.o
 .text.LL_EXTI_DisableRisingTrig_0_31
                0x08001620       0x28 ./Drivers/STM32F4xx_HAL_Driver/Src/stm32f4xx_ll_exti.o
 .text.LL_EXTI_EnableFallingTrig_0_31
                0x08001648       0x24 ./Drivers/STM32F4xx_HAL_Driver/Src/stm32f4xx_ll_exti.o
 .text.LL_EXTI_DisableFallingTrig_0_31
                0x0800166c       0x28 ./Drivers/STM32F4xx_HAL_Driver/Src/stm32f4xx_ll_exti.o
 .text.LL_EXTI_Init
                0x08001694       0xfe ./Drivers/STM32F4xx_HAL_Driver/Src/stm32f4xx_ll_exti.o
                0x08001694                LL_EXTI_Init
 .text.LL_GPIO_SetPinMode
                0x08001792       0x7a ./Drivers/STM32F4xx_HAL_Driver/Src/stm32f4xx_ll_gpio.o
 .text.LL_GPIO_SetPinOutputType
                0x0800180c       0x30 ./Drivers/STM32F4xx_HAL_Driver/Src/stm32f4xx_ll_gpio.o
 .text.LL_GPIO_SetPinSpeed
                0x0800183c       0x7a ./Drivers/STM32F4xx_HAL_Driver/Src/stm32f4xx_ll_gpio.o
 .text.LL_GPIO_SetPinPull
                0x080018b6       0x7a ./Drivers/STM32F4xx_HAL_Driver/Src/stm32f4xx_ll_gpio.o
 .text.LL_GPIO_SetAFPin_0_7
                0x08001930       0x7a ./Drivers/STM32F4xx_HAL_Driver/Src/stm32f4xx_ll_gpio.o
 .text.LL_GPIO_SetAFPin_8_15
                0x080019aa       0x7e ./Drivers/STM32F4xx_HAL_Driver/Src/stm32f4xx_ll_gpio.o
 .text.LL_GPIO_Init
                0x08001a28      0x102 ./Drivers/STM32F4xx_HAL_Driver/Src/stm32f4xx_ll_gpio.o
                0x08001a28                LL_GPIO_Init
 *fill*         0x08001b2a        0x2 
 .text.LL_RCC_GetSysClkSource
                0x08001b2c       0x1c ./Drivers/STM32F4xx_HAL_Driver/Src/stm32f4xx_ll_rcc.o
 .text.LL_RCC_GetAHBPrescaler
                0x08001b48       0x1c ./Drivers/STM32F4xx_HAL_Driver/Src/stm32f4xx_ll_rcc.o
 .text.LL_RCC_GetAPB1Prescaler
                0x08001b64       0x1c ./Drivers/STM32F4xx_HAL_Driver/Src/stm32f4xx_ll_rcc.o
 .text.LL_RCC_GetAPB2Prescaler
                0x08001b80       0x1c ./Drivers/STM32F4xx_HAL_Driver/Src/stm32f4xx_ll_rcc.o
 .text.LL_RCC_PLL_GetMainSource
                0x08001b9c       0x1c ./Drivers/STM32F4xx_HAL_Driver/Src/stm32f4xx_ll_rcc.o
 .text.LL_RCC_PLL_GetN
                0x08001bb8       0x1c ./Drivers/STM32F4xx_HAL_Driver/Src/stm32f4xx_ll_rcc.o
 .text.LL_RCC_PLL_GetP
                0x08001bd4       0x1c ./Drivers/STM32F4xx_HAL_Driver/Src/stm32f4xx_ll_rcc.o
 .text.LL_RCC_PLL_GetR
                0x08001bf0       0x1c ./Drivers/STM32F4xx_HAL_Driver/Src/stm32f4xx_ll_rcc.o
 .text.LL_RCC_PLL_GetDivider
                0x08001c0c       0x1c ./Drivers/STM32F4xx_HAL_Driver/Src/stm32f4xx_ll_rcc.o
 .text.LL_RCC_GetSystemClocksFreq
                0x08001c28       0x4a ./Drivers/STM32F4xx_HAL_Driver/Src/stm32f4xx_ll_rcc.o
                0x08001c28                LL_RCC_GetSystemClocksFreq
 *fill*         0x08001c72        0x2 
 .text.RCC_GetSystemClockFreq
                0x08001c74       0x88 ./Drivers/STM32F4xx_HAL_Driver/Src/stm32f4xx_ll_rcc.o
                0x08001c74                RCC_GetSystemClockFreq
 .text.RCC_GetHCLKClockFreq
                0x08001cfc       0x2c ./Drivers/STM32F4xx_HAL_Driver/Src/stm32f4xx_ll_rcc.o
                0x08001cfc                RCC_GetHCLKClockFreq
 .text.RCC_GetPCLK1ClockFreq
                0x08001d28       0x28 ./Drivers/STM32F4xx_HAL_Driver/Src/stm32f4xx_ll_rcc.o
                0x08001d28                RCC_GetPCLK1ClockFreq
 .text.RCC_GetPCLK2ClockFreq
                0x08001d50       0x28 ./Drivers/STM32F4xx_HAL_Driver/Src/stm32f4xx_ll_rcc.o
                0x08001d50                RCC_GetPCLK2ClockFreq
 .text.RCC_PLL_GetFreqDomain_SYS
                0x08001d78       0xa4 ./Drivers/STM32F4xx_HAL_Driver/Src/stm32f4xx_ll_rcc.o
                0x08001d78                RCC_PLL_GetFreqDomain_SYS
 .text.LL_TIM_SetPrescaler
                0x08001e1c       0x1c ./Drivers/STM32F4xx_HAL_Driver/Src/stm32f4xx_ll_tim.o
 .text.LL_TIM_SetAutoReload
                0x08001e38       0x1c ./Drivers/STM32F4xx_HAL_Driver/Src/stm32f4xx_ll_tim.o
 .text.LL_TIM_SetRepetitionCounter
                0x08001e54       0x1c ./Drivers/STM32F4xx_HAL_Driver/Src/stm32f4xx_ll_tim.o
 .text.LL_TIM_OC_SetCompareCH1
                0x08001e70       0x1c ./Drivers/STM32F4xx_HAL_Driver/Src/stm32f4xx_ll_tim.o
 .text.LL_TIM_OC_SetCompareCH2
                0x08001e8c       0x1c ./Drivers/STM32F4xx_HAL_Driver/Src/stm32f4xx_ll_tim.o
 .text.LL_TIM_OC_SetCompareCH3
                0x08001ea8       0x1c ./Drivers/STM32F4xx_HAL_Driver/Src/stm32f4xx_ll_tim.o
 .text.LL_TIM_OC_SetCompareCH4
                0x08001ec4       0x1c ./Drivers/STM32F4xx_HAL_Driver/Src/stm32f4xx_ll_tim.o
 .text.LL_TIM_GenerateEvent_UPDATE
                0x08001ee0       0x20 ./Drivers/STM32F4xx_HAL_Driver/Src/stm32f4xx_ll_tim.o
 .text.LL_TIM_Init
                0x08001f00      0x134 ./Drivers/STM32F4xx_HAL_Driver/Src/stm32f4xx_ll_tim.o
                0x08001f00                LL_TIM_Init
 .text.LL_TIM_OC_Init
                0x08002034       0x82 ./Drivers/STM32F4xx_HAL_Driver/Src/stm32f4xx_ll_tim.o
                0x08002034                LL_TIM_OC_Init
 .text.LL_TIM_BDTR_Init
                0x080020b6       0x84 ./Drivers/STM32F4xx_HAL_Driver/Src/stm32f4xx_ll_tim.o
                0x080020b6                LL_TIM_BDTR_Init
 *fill*         0x0800213a        0x2 
 .text.OC1Config
                0x0800213c       0xd8 ./Drivers/STM32F4xx_HAL_Driver/Src/stm32f4xx_ll_tim.o
 .text.OC2Config
                0x08002214       0xe0 ./Drivers/STM32F4xx_HAL_Driver/Src/stm32f4xx_ll_tim.o
 .text.OC3Config
                0x080022f4       0xe0 ./Drivers/STM32F4xx_HAL_Driver/Src/stm32f4xx_ll_tim.o
 .text.OC4Config
                0x080023d4       0xb0 ./Drivers/STM32F4xx_HAL_Driver/Src/stm32f4xx_ll_tim.o
 .text.LL_USART_IsEnabled
                0x08002484       0x28 ./Drivers/STM32F4xx_HAL_Driver/Src/stm32f4xx_ll_usart.o
 .text.LL_USART_SetStopBitsLength
                0x080024ac       0x26 ./Drivers/STM32F4xx_HAL_Driver/Src/stm32f4xx_ll_usart.o
 .text.LL_USART_SetHWFlowCtrl
                0x080024d2       0x26 ./Drivers/STM32F4xx_HAL_Driver/Src/stm32f4xx_ll_usart.o
 .text.LL_USART_SetBaudRate
                0x080024f8      0x45c ./Drivers/STM32F4xx_HAL_Driver/Src/stm32f4xx_ll_usart.o
 .text.LL_USART_Init
                0x08002954      0x100 ./Drivers/STM32F4xx_HAL_Driver/Src/stm32f4xx_ll_usart.o
                0x08002954                LL_USART_Init
 .text.LL_InitTick
                0x08002a54       0x34 ./Drivers/STM32F4xx_HAL_Driver/Src/stm32f4xx_ll_utils.o
 .text.LL_Init1msTick
                0x08002a88       0x1a ./Drivers/STM32F4xx_HAL_Driver/Src/stm32f4xx_ll_utils.o
                0x08002a88                LL_Init1msTick
 *fill*         0x08002aa2        0x2 
 .text.LL_SetSystemCoreClock
                0x08002aa4       0x20 ./Drivers/STM32F4xx_HAL_Driver/Src/stm32f4xx_ll_utils.o
                0x08002aa4                LL_SetSystemCoreClock
 .text.vListInitialise
                0x08002ac4       0x40 ./Middlewares/Third_Party/FreeRTOS/Source/list.o
                0x08002ac4                vListInitialise
 .text.vListInitialiseItem
                0x08002b04       0x1a ./Middlewares/Third_Party/FreeRTOS/Source/list.o
                0x08002b04                vListInitialiseItem
 .text.vListInsertEnd
                0x08002b1e       0x48 ./Middlewares/Third_Party/FreeRTOS/Source/list.o
                0x08002b1e                vListInsertEnd
 .text.vListInsert
                0x08002b66       0x72 ./Middlewares/Third_Party/FreeRTOS/Source/list.o
                0x08002b66                vListInsert
 .text.uxListRemove
                0x08002bd8       0x54 ./Middlewares/Third_Party/FreeRTOS/Source/list.o
                0x08002bd8                uxListRemove
 .text.xTaskCreateStatic
                0x08002c2c       0xc0 ./Middlewares/Third_Party/FreeRTOS/Source/tasks.o
                0x08002c2c                xTaskCreateStatic
 .text.xTaskCreate
                0x08002cec       0x8a ./Middlewares/Third_Party/FreeRTOS/Source/tasks.o
                0x08002cec                xTaskCreate
 .text.prvInitialiseNewTask
                0x08002d76      0x110 ./Middlewares/Third_Party/FreeRTOS/Source/tasks.o
 *fill*         0x08002e86        0x2 
 .text.prvAddNewTaskToReadyList
                0x08002e88       0xd4 ./Middlewares/Third_Party/FreeRTOS/Source/tasks.o
 .text.vTaskDelay
                0x08002f5c       0x6c ./Middlewares/Third_Party/FreeRTOS/Source/tasks.o
                0x08002f5c                vTaskDelay
 .text.vTaskStartScheduler
                0x08002fc8       0xc4 ./Middlewares/Third_Party/FreeRTOS/Source/tasks.o
                0x08002fc8                vTaskStartScheduler
 .text.vTaskSuspendAll
                0x0800308c       0x1c ./Middlewares/Third_Party/FreeRTOS/Source/tasks.o
                0x0800308c                vTaskSuspendAll
 .text.xTaskResumeAll
                0x080030a8      0x13c ./Middlewares/Third_Party/FreeRTOS/Source/tasks.o
                0x080030a8                xTaskResumeAll
 .text.xTaskIncrementTick
                0x080031e4      0x174 ./Middlewares/Third_Party/FreeRTOS/Source/tasks.o
                0x080031e4                xTaskIncrementTick
 .text.vTaskSwitchContext
                0x08003358       0xb8 ./Middlewares/Third_Party/FreeRTOS/Source/tasks.o
                0x08003358                vTaskSwitchContext
 .text.prvIdleTask
                0x08003410       0x30 ./Middlewares/Third_Party/FreeRTOS/Source/tasks.o
 .text.prvInitialiseTaskLists
                0x08003440       0x80 ./Middlewares/Third_Party/FreeRTOS/Source/tasks.o
 .text.prvCheckTasksWaitingTermination
                0x080034c0       0x5c ./Middlewares/Third_Party/FreeRTOS/Source/tasks.o
 .text.prvDeleteTCB
                0x0800351c       0x60 ./Middlewares/Third_Party/FreeRTOS/Source/tasks.o
 .text.prvResetNextTaskUnblockTime
                0x0800357c       0x40 ./Middlewares/Third_Party/FreeRTOS/Source/tasks.o
 .text.xTaskGetSchedulerState
                0x080035bc       0x3c ./Middlewares/Third_Party/FreeRTOS/Source/tasks.o
                0x080035bc                xTaskGetSchedulerState
 .text.prvAddCurrentTaskToDelayedList
                0x080035f8       0xcc ./Middlewares/Third_Party/FreeRTOS/Source/tasks.o
 .text.pxPortInitialiseStack
                0x080036c4       0x68 ./Middlewares/Third_Party/FreeRTOS/Source/portable/GCC/ARM_CM4F/port.o
                0x080036c4                pxPortInitialiseStack
 .text.prvTaskExitError
                0x0800372c       0x5c ./Middlewares/Third_Party/FreeRTOS/Source/portable/GCC/ARM_CM4F/port.o
 *fill*         0x08003788        0x8 
 .text.SVC_Handler
                0x08003790       0x28 ./Middlewares/Third_Party/FreeRTOS/Source/portable/GCC/ARM_CM4F/port.o
                0x08003790                SVC_Handler
 .text.prvPortStartFirstTask
                0x080037b8       0x28 ./Middlewares/Third_Party/FreeRTOS/Source/portable/GCC/ARM_CM4F/port.o
 .text.xPortStartScheduler
                0x080037e0      0x148 ./Middlewares/Third_Party/FreeRTOS/Source/portable/GCC/ARM_CM4F/port.o
                0x080037e0                xPortStartScheduler
 .text.vPortEnterCritical
                0x08003928       0x64 ./Middlewares/Third_Party/FreeRTOS/Source/portable/GCC/ARM_CM4F/port.o
                0x08003928                vPortEnterCritical
 .text.vPortExitCritical
                0x0800398c       0x54 ./Middlewares/Third_Party/FreeRTOS/Source/portable/GCC/ARM_CM4F/port.o
                0x0800398c                vPortExitCritical
 .text.PendSV_Handler
                0x080039e0       0x68 ./Middlewares/Third_Party/FreeRTOS/Source/portable/GCC/ARM_CM4F/port.o
                0x080039e0                PendSV_Handler
 .text.xPortSysTickHandler
                0x08003a48       0x44 ./Middlewares/Third_Party/FreeRTOS/Source/portable/GCC/ARM_CM4F/port.o
                0x08003a48                xPortSysTickHandler
 .text.vPortSetupTimerInterrupt
                0x08003a8c       0x48 ./Middlewares/Third_Party/FreeRTOS/Source/portable/GCC/ARM_CM4F/port.o
                0x08003a8c                vPortSetupTimerInterrupt
 .text.vPortEnableVFP
                0x08003ad4       0x14 ./Middlewares/Third_Party/FreeRTOS/Source/portable/GCC/ARM_CM4F/port.o
 .text.pvPortMalloc
                0x08003ae8      0x19c ./Middlewares/Third_Party/FreeRTOS/Source/portable/MemMang/heap_4.o
                0x08003ae8                pvPortMalloc
 .text.vPortFree
                0x08003c84       0xc8 ./Middlewares/Third_Party/FreeRTOS/Source/portable/MemMang/heap_4.o
                0x08003c84                vPortFree
 .text.prvHeapInit
                0x08003d4c       0xc4 ./Middlewares/Third_Party/FreeRTOS/Source/portable/MemMang/heap_4.o
 .text.prvInsertBlockIntoFreeList
                0x08003e10       0xb4 ./Middlewares/Third_Party/FreeRTOS/Source/portable/MemMang/heap_4.o
 .text.memset   0x08003ec4       0x10 /Applications/STM32CubeIDE.app/Contents/Eclipse/plugins/com.st.stm32cube.ide.mcu.externaltools.gnu-tools-for-stm32.13.3.rel1.macos64_1.0.0.202411102158/tools/bin/../lib/gcc/arm-none-eabi/13.3.1/../../../../arm-none-eabi/lib/thumb/v7e-m+fp/hard/libc_nano.a(libc_a-memset.o)
                0x08003ec4                memset
 .text.__libc_init_array
                0x08003ed4       0x48 /Applications/STM32CubeIDE.app/Contents/Eclipse/plugins/com.st.stm32cube.ide.mcu.externaltools.gnu-tools-for-stm32.13.3.rel1.macos64_1.0.0.202411102158/tools/bin/../lib/gcc/arm-none-eabi/13.3.1/../../../../arm-none-eabi/lib/thumb/v7e-m+fp/hard/libc_nano.a(libc_a-init.o)
                0x08003ed4                __libc_init_array
 *(.glue_7)
 .glue_7        0x08003f1c        0x0 linker stubs
 *(.glue_7t)
 .glue_7t       0x08003f1c        0x0 linker stubs
 *(.eh_frame)
 .eh_frame      0x08003f1c        0x0 /Applications/STM32CubeIDE.app/Contents/Eclipse/plugins/com.st.stm32cube.ide.mcu.externaltools.gnu-tools-for-stm32.13.3.rel1.macos64_1.0.0.202411102158/tools/bin/../lib/gcc/arm-none-eabi/13.3.1/thumb/v7e-m+fp/hard/crtbegin.o
 *(.init)
 .init          0x08003f1c        0x4 /Applications/STM32CubeIDE.app/Contents/Eclipse/plugins/com.st.stm32cube.ide.mcu.externaltools.gnu-tools-for-stm32.13.3.rel1.macos64_1.0.0.202411102158/tools/bin/../lib/gcc/arm-none-eabi/13.3.1/thumb/v7e-m+fp/hard/crti.o
                0x08003f1c                _init
 .init          0x08003f20        0x8 /Applications/STM32CubeIDE.app/Contents/Eclipse/plugins/com.st.stm32cube.ide.mcu.externaltools.gnu-tools-for-stm32.13.3.rel1.macos64_1.0.0.202411102158/tools/bin/../lib/gcc/arm-none-eabi/13.3.1/thumb/v7e-m+fp/hard/crtn.o
 *(.fini)
 .fini          0x08003f28        0x4 /Applications/STM32CubeIDE.app/Contents/Eclipse/plugins/com.st.stm32cube.ide.mcu.externaltools.gnu-tools-for-stm32.13.3.rel1.macos64_1.0.0.202411102158/tools/bin/../lib/gcc/arm-none-eabi/13.3.1/thumb/v7e-m+fp/hard/crti.o
                0x08003f28                _fini
 .fini          0x08003f2c        0x8 /Applications/STM32CubeIDE.app/Contents/Eclipse/plugins/com.st.stm32cube.ide.mcu.externaltools.gnu-tools-for-stm32.13.3.rel1.macos64_1.0.0.202411102158/tools/bin/../lib/gcc/arm-none-eabi/13.3.1/thumb/v7e-m+fp/hard/crtn.o
                0x08003f34                        . = ALIGN (0x4)
                0x08003f34                        _etext = .

.vfp11_veneer   0x08003f34        0x0
 .vfp11_veneer  0x08003f34        0x0 linker stubs

.v4_bx          0x08003f34        0x0
 .v4_bx         0x08003f34        0x0 linker stubs

.iplt           0x08003f34        0x0
 .iplt          0x08003f34        0x0 /Applications/STM32CubeIDE.app/Contents/Eclipse/plugins/com.st.stm32cube.ide.mcu.externaltools.gnu-tools-for-stm32.13.3.rel1.macos64_1.0.0.202411102158/tools/bin/../lib/gcc/arm-none-eabi/13.3.1/thumb/v7e-m+fp/hard/crtbegin.o

.rodata         0x08003f34       0x38
                0x08003f34                        . = ALIGN (0x4)
 *(.rodata)
 .rodata        0x08003f34        0x6 ./Core/Src/main.o
 *fill*         0x08003f3a        0x2 
 .rodata        0x08003f3c        0x5 ./Middlewares/Third_Party/FreeRTOS/Source/tasks.o
 *(.rodata*)
 *fill*         0x08003f41        0x3 
 .rodata.OFFSET_TAB_CCMRx
                0x08003f44        0x7 ./Core/Src/main.o
 *fill*         0x08003f4b        0x1 
 .rodata.SHIFT_TAB_OCxx
                0x08003f4c        0x7 ./Core/Src/main.o
 *fill*         0x08003f53        0x1 
 .rodata.AHBPrescTable
                0x08003f54       0x10 ./Core/Src/system_stm32f4xx.o
                0x08003f54                AHBPrescTable
 .rodata.APBPrescTable
                0x08003f64        0x8 ./Core/Src/system_stm32f4xx.o
                0x08003f64                APBPrescTable
                0x08003f6c                        . = ALIGN (0x4)

.ARM.extab      0x08003f6c        0x0
                0x08003f6c                        . = ALIGN (0x4)
 *(.ARM.extab* .gnu.linkonce.armextab.*)
                0x08003f6c                        . = ALIGN (0x4)

.ARM            0x08003f6c        0x8
                0x08003f6c                        . = ALIGN (0x4)
                0x08003f6c                        __exidx_start = .
 *(.ARM.exidx*)
 .ARM.exidx     0x08003f6c        0x8 /Applications/STM32CubeIDE.app/Contents/Eclipse/plugins/com.st.stm32cube.ide.mcu.externaltools.gnu-tools-for-stm32.13.3.rel1.macos64_1.0.0.202411102158/tools/bin/../lib/gcc/arm-none-eabi/13.3.1/thumb/v7e-m+fp/hard/libgcc.a(_udivmoddi4.o)
                0x08003f74                        __exidx_end = .
                0x08003f74                        . = ALIGN (0x4)

.preinit_array  0x08003f74        0x0
                0x08003f74                        . = ALIGN (0x4)
                0x08003f74                        PROVIDE (__preinit_array_start = .)
 *(.preinit_array*)
                0x08003f74                        PROVIDE (__preinit_array_end = .)
                0x08003f74                        . = ALIGN (0x4)

.init_array     0x08003f74        0x4
                0x08003f74                        . = ALIGN (0x4)
                0x08003f74                        PROVIDE (__init_array_start = .)
 *(SORT_BY_NAME(.init_array.*))
 *(.init_array*)
 .init_array    0x08003f74        0x4 /Applications/STM32CubeIDE.app/Contents/Eclipse/plugins/com.st.stm32cube.ide.mcu.externaltools.gnu-tools-for-stm32.13.3.rel1.macos64_1.0.0.202411102158/tools/bin/../lib/gcc/arm-none-eabi/13.3.1/thumb/v7e-m+fp/hard/crtbegin.o
                0x08003f78                        PROVIDE (__init_array_end = .)
                0x08003f78                        . = ALIGN (0x4)

.fini_array     0x08003f78        0x4
                0x08003f78                        . = ALIGN (0x4)
                [!provide]                        PROVIDE (__fini_array_start = .)
 *(SORT_BY_NAME(.fini_array.*))
 *(.fini_array*)
 .fini_array    0x08003f78        0x4 /Applications/STM32CubeIDE.app/Contents/Eclipse/plugins/com.st.stm32cube.ide.mcu.externaltools.gnu-tools-for-stm32.13.3.rel1.macos64_1.0.0.202411102158/tools/bin/../lib/gcc/arm-none-eabi/13.3.1/thumb/v7e-m+fp/hard/crtbegin.o
                [!provide]                        PROVIDE (__fini_array_end = .)
                0x08003f7c                        . = ALIGN (0x4)
                0x08003f7c                        _sidata = LOADADDR (.data)

.rel.dyn        0x08003f7c        0x0
 .rel.iplt      0x08003f7c        0x0 /Applications/STM32CubeIDE.app/Contents/Eclipse/plugins/com.st.stm32cube.ide.mcu.externaltools.gnu-tools-for-stm32.13.3.rel1.macos64_1.0.0.202411102158/tools/bin/../lib/gcc/arm-none-eabi/13.3.1/thumb/v7e-m+fp/hard/crtbegin.o

.data           0x20000000       0x14 load address 0x08003f7c
                0x20000000                        . = ALIGN (0x4)
                0x20000000                        _sdata = .
 *(.data)
 *(.data*)
 .data.commutationStep
                0x20000000        0x1 ./Core/Src/main.o
 *fill*         0x20000001        0x3 
 .data.duty.1   0x20000004        0x4 ./Core/Src/main.o
 .data.delta.0  0x20000008        0x4 ./Core/Src/main.o
 .data.SystemCoreClock
                0x2000000c        0x4 ./Core/Src/system_stm32f4xx.o
                0x2000000c                SystemCoreClock
 .data.uxCriticalNesting
                0x20000010        0x4 ./Middlewares/Third_Party/FreeRTOS/Source/portable/GCC/ARM_CM4F/port.o
 *(.RamFunc)
 *(.RamFunc*)
                0x20000014                        . = ALIGN (0x4)
                0x20000014                        _edata = .

.igot.plt       0x20000014        0x0 load address 0x08003f90
 .igot.plt      0x20000014        0x0 /Applications/STM32CubeIDE.app/Contents/Eclipse/plugins/com.st.stm32cube.ide.mcu.externaltools.gnu-tools-for-stm32.13.3.rel1.macos64_1.0.0.202411102158/tools/bin/../lib/gcc/arm-none-eabi/13.3.1/thumb/v7e-m+fp/hard/crtbegin.o
                0x20000014                        . = ALIGN (0x4)

.bss            0x20000014     0x3fc8 load address 0x08003f90
                0x20000014                        _sbss = .
                0x20000014                        __bss_start__ = _sbss
 *(.bss)
 .bss           0x20000014       0x1c /Applications/STM32CubeIDE.app/Contents/Eclipse/plugins/com.st.stm32cube.ide.mcu.externaltools.gnu-tools-for-stm32.13.3.rel1.macos64_1.0.0.202411102158/tools/bin/../lib/gcc/arm-none-eabi/13.3.1/thumb/v7e-m+fp/hard/crtbegin.o
 *(.bss*)
 .bss.xIdleTaskTCBBuffer
                0x20000030       0x54 ./Core/Src/freertos.o
 .bss.xIdleStack
                0x20000084      0x200 ./Core/Src/freertos.o
 .bss.start_motor
                0x20000284        0x1 ./Core/Src/stm32f4xx_it.o
                0x20000284                start_motor
 *fill*         0x20000285        0x3 
 .bss.pxCurrentTCB
                0x20000288        0x4 ./Middlewares/Third_Party/FreeRTOS/Source/tasks.o
                0x20000288                pxCurrentTCB
 .bss.pxReadyTasksLists
                0x2000028c       0x8c ./Middlewares/Third_Party/FreeRTOS/Source/tasks.o
 .bss.xDelayedTaskList1
                0x20000318       0x14 ./Middlewares/Third_Party/FreeRTOS/Source/tasks.o
 .bss.xDelayedTaskList2
                0x2000032c       0x14 ./Middlewares/Third_Party/FreeRTOS/Source/tasks.o
 .bss.pxDelayedTaskList
                0x20000340        0x4 ./Middlewares/Third_Party/FreeRTOS/Source/tasks.o
 .bss.pxOverflowDelayedTaskList
                0x20000344        0x4 ./Middlewares/Third_Party/FreeRTOS/Source/tasks.o
 .bss.xPendingReadyList
                0x20000348       0x14 ./Middlewares/Third_Party/FreeRTOS/Source/tasks.o
 .bss.xTasksWaitingTermination
                0x2000035c       0x14 ./Middlewares/Third_Party/FreeRTOS/Source/tasks.o
 .bss.uxDeletedTasksWaitingCleanUp
                0x20000370        0x4 ./Middlewares/Third_Party/FreeRTOS/Source/tasks.o
 .bss.xSuspendedTaskList
                0x20000374       0x14 ./Middlewares/Third_Party/FreeRTOS/Source/tasks.o
 .bss.uxCurrentNumberOfTasks
                0x20000388        0x4 ./Middlewares/Third_Party/FreeRTOS/Source/tasks.o
 .bss.xTickCount
                0x2000038c        0x4 ./Middlewares/Third_Party/FreeRTOS/Source/tasks.o
 .bss.uxTopReadyPriority
                0x20000390        0x4 ./Middlewares/Third_Party/FreeRTOS/Source/tasks.o
 .bss.xSchedulerRunning
                0x20000394        0x4 ./Middlewares/Third_Party/FreeRTOS/Source/tasks.o
 .bss.xPendedTicks
                0x20000398        0x4 ./Middlewares/Third_Party/FreeRTOS/Source/tasks.o
 .bss.xYieldPending
                0x2000039c        0x4 ./Middlewares/Third_Party/FreeRTOS/Source/tasks.o
 .bss.xNumOfOverflows
                0x200003a0        0x4 ./Middlewares/Third_Party/FreeRTOS/Source/tasks.o
 .bss.uxTaskNumber
                0x200003a4        0x4 ./Middlewares/Third_Party/FreeRTOS/Source/tasks.o
 .bss.xNextTaskUnblockTime
                0x200003a8        0x4 ./Middlewares/Third_Party/FreeRTOS/Source/tasks.o
 .bss.xIdleTaskHandle
                0x200003ac        0x4 ./Middlewares/Third_Party/FreeRTOS/Source/tasks.o
 .bss.uxSchedulerSuspended
                0x200003b0        0x4 ./Middlewares/Third_Party/FreeRTOS/Source/tasks.o
 .bss.ucMaxSysCallPriority
                0x200003b4        0x1 ./Middlewares/Third_Party/FreeRTOS/Source/portable/GCC/ARM_CM4F/port.o
 *fill*         0x200003b5        0x3 
 .bss.ulMaxPRIGROUPValue
                0x200003b8        0x4 ./Middlewares/Third_Party/FreeRTOS/Source/portable/GCC/ARM_CM4F/port.o
 .bss.ucHeap    0x200003bc     0x3c00 ./Middlewares/Third_Party/FreeRTOS/Source/portable/MemMang/heap_4.o
 .bss.xStart    0x20003fbc        0x8 ./Middlewares/Third_Party/FreeRTOS/Source/portable/MemMang/heap_4.o
 .bss.pxEnd     0x20003fc4        0x4 ./Middlewares/Third_Party/FreeRTOS/Source/portable/MemMang/heap_4.o
 .bss.xFreeBytesRemaining
                0x20003fc8        0x4 ./Middlewares/Third_Party/FreeRTOS/Source/portable/MemMang/heap_4.o
 .bss.xMinimumEverFreeBytesRemaining
                0x20003fcc        0x4 ./Middlewares/Third_Party/FreeRTOS/Source/portable/MemMang/heap_4.o
 .bss.xNumberOfSuccessfulAllocations
                0x20003fd0        0x4 ./Middlewares/Third_Party/FreeRTOS/Source/portable/MemMang/heap_4.o
 .bss.xNumberOfSuccessfulFrees
                0x20003fd4        0x4 ./Middlewares/Third_Party/FreeRTOS/Source/portable/MemMang/heap_4.o
 .bss.xBlockAllocatedBit
                0x20003fd8        0x4 ./Middlewares/Third_Party/FreeRTOS/Source/portable/MemMang/heap_4.o
 *(COMMON)
                0x20003fdc                        . = ALIGN (0x4)
                0x20003fdc                        _ebss = .
                0x20003fdc                        __bss_end__ = _ebss

._user_heap_stack
                0x20003fdc      0x604 load address 0x08003f90
                0x20003fe0                        . = ALIGN (0x8)
 *fill*         0x20003fdc        0x4 
                [!provide]                        PROVIDE (end = .)
                0x20003fe0                        PROVIDE (_end = .)
                0x200041e0                        . = (. + _Min_Heap_Size)
 *fill*         0x20003fe0      0x200 
                0x200045e0                        . = (. + _Min_Stack_Size)
 *fill*         0x200041e0      0x400 
                0x200045e0                        . = ALIGN (0x8)

/DISCARD/
 libc.a(*)
 libm.a(*)
 libgcc.a(*)

.ARM.attributes
                0x00000000       0x30
 *(.ARM.attributes)
 .ARM.attributes
                0x00000000       0x22 /Applications/STM32CubeIDE.app/Contents/Eclipse/plugins/com.st.stm32cube.ide.mcu.externaltools.gnu-tools-for-stm32.13.3.rel1.macos64_1.0.0.202411102158/tools/bin/../lib/gcc/arm-none-eabi/13.3.1/thumb/v7e-m+fp/hard/crti.o
 .ARM.attributes
                0x00000022       0x34 /Applications/STM32CubeIDE.app/Contents/Eclipse/plugins/com.st.stm32cube.ide.mcu.externaltools.gnu-tools-for-stm32.13.3.rel1.macos64_1.0.0.202411102158/tools/bin/../lib/gcc/arm-none-eabi/13.3.1/thumb/v7e-m+fp/hard/crtbegin.o
 .ARM.attributes
                0x00000056       0x34 ./Core/Src/freertos.o
 .ARM.attributes
                0x0000008a       0x34 ./Core/Src/main.o
 .ARM.attributes
                0x000000be       0x34 ./Core/Src/stm32f4xx_it.o
 .ARM.attributes
                0x000000f2       0x34 ./Core/Src/system_stm32f4xx.o
 .ARM.attributes
                0x00000126       0x21 ./Core/Startup/startup_stm32f446retx.o
 .ARM.attributes
                0x00000147       0x34 ./Drivers/STM32F4xx_HAL_Driver/Src/stm32f4xx_ll_exti.o
 .ARM.attributes
                0x0000017b       0x34 ./Drivers/STM32F4xx_HAL_Driver/Src/stm32f4xx_ll_gpio.o
 .ARM.attributes
                0x000001af       0x34 ./Drivers/STM32F4xx_HAL_Driver/Src/stm32f4xx_ll_rcc.o
 .ARM.attributes
                0x000001e3       0x34 ./Drivers/STM32F4xx_HAL_Driver/Src/stm32f4xx_ll_tim.o
 .ARM.attributes
                0x00000217       0x34 ./Drivers/STM32F4xx_HAL_Driver/Src/stm32f4xx_ll_usart.o
 .ARM.attributes
                0x0000024b       0x34 ./Drivers/STM32F4xx_HAL_Driver/Src/stm32f4xx_ll_utils.o
 .ARM.attributes
                0x0000027f       0x34 ./Middlewares/Third_Party/FreeRTOS/Source/list.o
 .ARM.attributes
                0x000002b3       0x34 ./Middlewares/Third_Party/FreeRTOS/Source/tasks.o
 .ARM.attributes
                0x000002e7       0x34 ./Middlewares/Third_Party/FreeRTOS/Source/portable/GCC/ARM_CM4F/port.o
 .ARM.attributes
                0x0000031b       0x34 ./Middlewares/Third_Party/FreeRTOS/Source/portable/MemMang/heap_4.o
 .ARM.attributes
                0x0000034f       0x34 /Applications/STM32CubeIDE.app/Contents/Eclipse/plugins/com.st.stm32cube.ide.mcu.externaltools.gnu-tools-for-stm32.13.3.rel1.macos64_1.0.0.202411102158/tools/bin/../lib/gcc/arm-none-eabi/13.3.1/../../../../arm-none-eabi/lib/thumb/v7e-m+fp/hard/libc_nano.a(libc_a-memset.o)
 .ARM.attributes
                0x00000383       0x34 /Applications/STM32CubeIDE.app/Contents/Eclipse/plugins/com.st.stm32cube.ide.mcu.externaltools.gnu-tools-for-stm32.13.3.rel1.macos64_1.0.0.202411102158/tools/bin/../lib/gcc/arm-none-eabi/13.3.1/../../../../arm-none-eabi/lib/thumb/v7e-m+fp/hard/libc_nano.a(libc_a-init.o)
 .ARM.attributes
                0x000003b7       0x22 /Applications/STM32CubeIDE.app/Contents/Eclipse/plugins/com.st.stm32cube.ide.mcu.externaltools.gnu-tools-for-stm32.13.3.rel1.macos64_1.0.0.202411102158/tools/bin/../lib/gcc/arm-none-eabi/13.3.1/thumb/v7e-m+fp/hard/libgcc.a(_aeabi_uldivmod.o)
 .ARM.attributes
                0x000003d9       0x34 /Applications/STM32CubeIDE.app/Contents/Eclipse/plugins/com.st.stm32cube.ide.mcu.externaltools.gnu-tools-for-stm32.13.3.rel1.macos64_1.0.0.202411102158/tools/bin/../lib/gcc/arm-none-eabi/13.3.1/thumb/v7e-m+fp/hard/libgcc.a(_udivmoddi4.o)
 .ARM.attributes
                0x0000040d       0x22 /Applications/STM32CubeIDE.app/Contents/Eclipse/plugins/com.st.stm32cube.ide.mcu.externaltools.gnu-tools-for-stm32.13.3.rel1.macos64_1.0.0.202411102158/tools/bin/../lib/gcc/arm-none-eabi/13.3.1/thumb/v7e-m+fp/hard/libgcc.a(_dvmd_tls.o)
 .ARM.attributes
                0x0000042f       0x22 /Applications/STM32CubeIDE.app/Contents/Eclipse/plugins/com.st.stm32cube.ide.mcu.externaltools.gnu-tools-for-stm32.13.3.rel1.macos64_1.0.0.202411102158/tools/bin/../lib/gcc/arm-none-eabi/13.3.1/thumb/v7e-m+fp/hard/crtn.o
OUTPUT(motor_driver.elf elf32-littlearm)
LOAD linker stubs
LOAD /Applications/STM32CubeIDE.app/Contents/Eclipse/plugins/com.st.stm32cube.ide.mcu.externaltools.gnu-tools-for-stm32.13.3.rel1.macos64_1.0.0.202411102158/tools/bin/../lib/gcc/arm-none-eabi/13.3.1/../../../../arm-none-eabi/lib/thumb/v7e-m+fp/hard/libc.a
LOAD /Applications/STM32CubeIDE.app/Contents/Eclipse/plugins/com.st.stm32cube.ide.mcu.externaltools.gnu-tools-for-stm32.13.3.rel1.macos64_1.0.0.202411102158/tools/bin/../lib/gcc/arm-none-eabi/13.3.1/../../../../arm-none-eabi/lib/thumb/v7e-m+fp/hard/libm.a
LOAD /Applications/STM32CubeIDE.app/Contents/Eclipse/plugins/com.st.stm32cube.ide.mcu.externaltools.gnu-tools-for-stm32.13.3.rel1.macos64_1.0.0.202411102158/tools/bin/../lib/gcc/arm-none-eabi/13.3.1/thumb/v7e-m+fp/hard/libgcc.a

.debug_info     0x00000000     0x88f1
 .debug_info    0x00000000      0x316 ./Core/Src/freertos.o
 .debug_info    0x00000316     0x1c66 ./Core/Src/main.o
 .debug_info    0x00001f7c      0x2d1 ./Core/Src/stm32f4xx_it.o
 .debug_info    0x0000224d      0x543 ./Core/Src/system_stm32f4xx.o
 .debug_info    0x00002790       0x30 ./Core/Startup/startup_stm32f446retx.o
 .debug_info    0x000027c0      0x330 ./Drivers/STM32F4xx_HAL_Driver/Src/stm32f4xx_ll_exti.o
 .debug_info    0x00002af0      0x950 ./Drivers/STM32F4xx_HAL_Driver/Src/stm32f4xx_ll_gpio.o
 .debug_info    0x00003440      0xbd2 ./Drivers/STM32F4xx_HAL_Driver/Src/stm32f4xx_ll_rcc.o
 .debug_info    0x00004012      0xf78 ./Drivers/STM32F4xx_HAL_Driver/Src/stm32f4xx_ll_tim.o
 .debug_info    0x00004f8a      0x71b ./Drivers/STM32F4xx_HAL_Driver/Src/stm32f4xx_ll_usart.o
 .debug_info    0x000056a5      0x943 ./Drivers/STM32F4xx_HAL_Driver/Src/stm32f4xx_ll_utils.o
 .debug_info    0x00005fe8      0x2af ./Middlewares/Third_Party/FreeRTOS/Source/list.o
 .debug_info    0x00006297     0x1ca7 ./Middlewares/Third_Party/FreeRTOS/Source/tasks.o
 .debug_info    0x00007f3e      0x4de ./Middlewares/Third_Party/FreeRTOS/Source/portable/GCC/ARM_CM4F/port.o
 .debug_info    0x0000841c      0x4d5 ./Middlewares/Third_Party/FreeRTOS/Source/portable/MemMang/heap_4.o

.debug_abbrev   0x00000000     0x1c10
 .debug_abbrev  0x00000000       0xd8 ./Core/Src/freertos.o
 .debug_abbrev  0x000000d8      0x3c5 ./Core/Src/main.o
 .debug_abbrev  0x0000049d      0x19a ./Core/Src/stm32f4xx_it.o
 .debug_abbrev  0x00000637      0x11a ./Core/Src/system_stm32f4xx.o
 .debug_abbrev  0x00000751       0x24 ./Core/Startup/startup_stm32f446retx.o
 .debug_abbrev  0x00000775      0x18a ./Drivers/STM32F4xx_HAL_Driver/Src/stm32f4xx_ll_exti.o
 .debug_abbrev  0x000008ff      0x237 ./Drivers/STM32F4xx_HAL_Driver/Src/stm32f4xx_ll_gpio.o
 .debug_abbrev  0x00000b36      0x1ef ./Drivers/STM32F4xx_HAL_Driver/Src/stm32f4xx_ll_rcc.o
 .debug_abbrev  0x00000d25      0x20f ./Drivers/STM32F4xx_HAL_Driver/Src/stm32f4xx_ll_tim.o
 .debug_abbrev  0x00000f34      0x1f2 ./Drivers/STM32F4xx_HAL_Driver/Src/stm32f4xx_ll_usart.o
 .debug_abbrev  0x00001126      0x223 ./Drivers/STM32F4xx_HAL_Driver/Src/stm32f4xx_ll_utils.o
 .debug_abbrev  0x00001349       0xf5 ./Middlewares/Third_Party/FreeRTOS/Source/list.o
 .debug_abbrev  0x0000143e      0x359 ./Middlewares/Third_Party/FreeRTOS/Source/tasks.o
 .debug_abbrev  0x00001797      0x25c ./Middlewares/Third_Party/FreeRTOS/Source/portable/GCC/ARM_CM4F/port.o
 .debug_abbrev  0x000019f3      0x21d ./Middlewares/Third_Party/FreeRTOS/Source/portable/MemMang/heap_4.o

.debug_aranges  0x00000000      0xaf8
 .debug_aranges
                0x00000000       0x20 ./Core/Src/freertos.o
 .debug_aranges
                0x00000020      0x1c0 ./Core/Src/main.o
 .debug_aranges
                0x000001e0       0x68 ./Core/Src/stm32f4xx_it.o
 .debug_aranges
                0x00000248       0x28 ./Core/Src/system_stm32f4xx.o
 .debug_aranges
                0x00000270       0x28 ./Core/Startup/startup_stm32f446retx.o
 .debug_aranges
                0x00000298       0x70 ./Drivers/STM32F4xx_HAL_Driver/Src/stm32f4xx_ll_exti.o
 .debug_aranges
                0x00000308       0x70 ./Drivers/STM32F4xx_HAL_Driver/Src/stm32f4xx_ll_gpio.o
 .debug_aranges
                0x00000378      0x200 ./Drivers/STM32F4xx_HAL_Driver/Src/stm32f4xx_ll_rcc.o
 .debug_aranges
                0x00000578      0x128 ./Drivers/STM32F4xx_HAL_Driver/Src/stm32f4xx_ll_tim.o
 .debug_aranges
                0x000006a0       0x88 ./Drivers/STM32F4xx_HAL_Driver/Src/stm32f4xx_ll_usart.o
 .debug_aranges
                0x00000728      0x100 ./Drivers/STM32F4xx_HAL_Driver/Src/stm32f4xx_ll_utils.o
 .debug_aranges
                0x00000828       0x40 ./Middlewares/Third_Party/FreeRTOS/Source/list.o
 .debug_aranges
                0x00000868      0x1b8 ./Middlewares/Third_Party/FreeRTOS/Source/tasks.o
 .debug_aranges
                0x00000a20       0x80 ./Middlewares/Third_Party/FreeRTOS/Source/portable/GCC/ARM_CM4F/port.o
 .debug_aranges
                0x00000aa0       0x58 ./Middlewares/Third_Party/FreeRTOS/Source/portable/MemMang/heap_4.o

.debug_rnglists
                0x00000000      0x832
 .debug_rnglists
                0x00000000       0x13 ./Core/Src/freertos.o
 .debug_rnglists
                0x00000013      0x153 ./Core/Src/main.o
 .debug_rnglists
                0x00000166       0x49 ./Core/Src/stm32f4xx_it.o
 .debug_rnglists
                0x000001af       0x1a ./Core/Src/system_stm32f4xx.o
 .debug_rnglists
                0x000001c9       0x19 ./Core/Startup/startup_stm32f446retx.o
 .debug_rnglists
                0x000001e2       0x50 ./Drivers/STM32F4xx_HAL_Driver/Src/stm32f4xx_ll_exti.o
 .debug_rnglists
                0x00000232       0x51 ./Drivers/STM32F4xx_HAL_Driver/Src/stm32f4xx_ll_gpio.o
 .debug_rnglists
                0x00000283      0x180 ./Drivers/STM32F4xx_HAL_Driver/Src/stm32f4xx_ll_rcc.o
 .debug_rnglists
                0x00000403       0xe4 ./Drivers/STM32F4xx_HAL_Driver/Src/stm32f4xx_ll_tim.o
 .debug_rnglists
                0x000004e7       0x64 ./Drivers/STM32F4xx_HAL_Driver/Src/stm32f4xx_ll_usart.o
 .debug_rnglists
                0x0000054b       0xbe ./Drivers/STM32F4xx_HAL_Driver/Src/stm32f4xx_ll_utils.o
 .debug_rnglists
                0x00000609       0x2b ./Middlewares/Third_Party/FreeRTOS/Source/list.o
 .debug_rnglists
                0x00000634      0x15f ./Middlewares/Third_Party/FreeRTOS/Source/tasks.o
 .debug_rnglists
                0x00000793       0x5d ./Middlewares/Third_Party/FreeRTOS/Source/portable/GCC/ARM_CM4F/port.o
 .debug_rnglists
                0x000007f0       0x42 ./Middlewares/Third_Party/FreeRTOS/Source/portable/MemMang/heap_4.o

.debug_macro    0x00000000    0x1e651
 .debug_macro   0x00000000      0x1b3 ./Core/Src/freertos.o
 .debug_macro   0x000001b3      0xb1a ./Core/Src/freertos.o
 .debug_macro   0x00000ccd      0x190 ./Core/Src/freertos.o
 .debug_macro   0x00000e5d       0x22 ./Core/Src/freertos.o
 .debug_macro   0x00000e7f       0x8e ./Core/Src/freertos.o
 .debug_macro   0x00000f0d       0x51 ./Core/Src/freertos.o
 .debug_macro   0x00000f5e      0x103 ./Core/Src/freertos.o
 .debug_macro   0x00001061       0x6a ./Core/Src/freertos.o
 .debug_macro   0x000010cb      0x1df ./Core/Src/freertos.o
 .debug_macro   0x000012aa       0xe4 ./Core/Src/freertos.o
 .debug_macro   0x0000138e      0x15a ./Core/Src/freertos.o
 .debug_macro   0x000014e8       0xde ./Core/Src/freertos.o
 .debug_macro   0x000015c6       0x1c ./Core/Src/freertos.o
 .debug_macro   0x000015e2       0x26 ./Core/Src/freertos.o
 .debug_macro   0x00001608      0x504 ./Core/Src/freertos.o
 .debug_macro   0x00001b0c       0xb5 ./Core/Src/freertos.o
 .debug_macro   0x00001bc1       0xaa ./Core/Src/freertos.o
 .debug_macro   0x00001c6b       0x2e ./Core/Src/freertos.o
 .debug_macro   0x00001c99       0x28 ./Core/Src/freertos.o
 .debug_macro   0x00001cc1       0x1c ./Core/Src/freertos.o
 .debug_macro   0x00001cdd       0x22 ./Core/Src/freertos.o
 .debug_macro   0x00001cff       0xfb ./Core/Src/freertos.o
 .debug_macro   0x00001dfa     0x1011 ./Core/Src/freertos.o
 .debug_macro   0x00002e0b      0x11f ./Core/Src/freertos.o
 .debug_macro   0x00002f2a    0x1675e ./Core/Src/freertos.o
 .debug_macro   0x00019688       0x6d ./Core/Src/freertos.o
 .debug_macro   0x000196f5      0xd63 ./Core/Src/freertos.o
 .debug_macro   0x0001a458      0x1db ./Core/Src/freertos.o
 .debug_macro   0x0001a633      0x21c ./Core/Src/freertos.o
 .debug_macro   0x0001a84f       0xe8 ./Core/Src/freertos.o
 .debug_macro   0x0001a937      0x1a6 ./Core/Src/freertos.o
 .debug_macro   0x0001aadd       0x61 ./Core/Src/freertos.o
 .debug_macro   0x0001ab3e       0xd5 ./Core/Src/freertos.o
 .debug_macro   0x0001ac13      0x1e6 ./Core/Src/freertos.o
 .debug_macro   0x0001adf9      0x5fa ./Core/Src/freertos.o
 .debug_macro   0x0001b3f3      0x1bb ./Core/Src/freertos.o
 .debug_macro   0x0001b5ae      0x149 ./Core/Src/freertos.o
 .debug_macro   0x0001b6f7       0xa0 ./Core/Src/freertos.o
 .debug_macro   0x0001b797      0x24a ./Core/Src/main.o
 .debug_macro   0x0001b9e1       0xe4 ./Core/Src/main.o
 .debug_macro   0x0001bac5       0x91 ./Core/Src/main.o
 .debug_macro   0x0001bb56       0x8d ./Core/Src/main.o
 .debug_macro   0x0001bbe3       0x7e ./Core/Src/main.o
 .debug_macro   0x0001bc61       0x19 ./Core/Src/main.o
 .debug_macro   0x0001bc7a       0xf2 ./Core/Src/main.o
 .debug_macro   0x0001bd6c      0x1bd ./Core/Src/stm32f4xx_it.o
 .debug_macro   0x0001bf29       0xce ./Core/Src/system_stm32f4xx.o
 .debug_macro   0x0001bff7       0xf5 ./Drivers/STM32F4xx_HAL_Driver/Src/stm32f4xx_ll_exti.o
 .debug_macro   0x0001c0ec       0xe2 ./Drivers/STM32F4xx_HAL_Driver/Src/stm32f4xx_ll_exti.o
 .debug_macro   0x0001c1ce      0x110 ./Drivers/STM32F4xx_HAL_Driver/Src/stm32f4xx_ll_gpio.o
 .debug_macro   0x0001c2de      0x143 ./Drivers/STM32F4xx_HAL_Driver/Src/stm32f4xx_ll_gpio.o
 .debug_macro   0x0001c421      0x10d ./Drivers/STM32F4xx_HAL_Driver/Src/stm32f4xx_ll_rcc.o
 .debug_macro   0x0001c52e      0x159 ./Drivers/STM32F4xx_HAL_Driver/Src/stm32f4xx_ll_tim.o
 .debug_macro   0x0001c687      0x5f4 ./Drivers/STM32F4xx_HAL_Driver/Src/stm32f4xx_ll_tim.o
 .debug_macro   0x0001cc7b      0x13d ./Drivers/STM32F4xx_HAL_Driver/Src/stm32f4xx_ll_usart.o
 .debug_macro   0x0001cdb8      0x1b5 ./Drivers/STM32F4xx_HAL_Driver/Src/stm32f4xx_ll_usart.o
 .debug_macro   0x0001cf6d      0xd69 ./Drivers/STM32F4xx_HAL_Driver/Src/stm32f4xx_ll_usart.o
 .debug_macro   0x0001dcd6      0x1cc ./Drivers/STM32F4xx_HAL_Driver/Src/stm32f4xx_ll_utils.o
 .debug_macro   0x0001dea2       0x5b ./Drivers/STM32F4xx_HAL_Driver/Src/stm32f4xx_ll_utils.o
 .debug_macro   0x0001defd      0x187 ./Middlewares/Third_Party/FreeRTOS/Source/list.o
 .debug_macro   0x0001e084      0x279 ./Middlewares/Third_Party/FreeRTOS/Source/tasks.o
 .debug_macro   0x0001e2fd       0x10 ./Middlewares/Third_Party/FreeRTOS/Source/tasks.o
 .debug_macro   0x0001e30d      0x196 ./Middlewares/Third_Party/FreeRTOS/Source/portable/GCC/ARM_CM4F/port.o
 .debug_macro   0x0001e4a3      0x1ae ./Middlewares/Third_Party/FreeRTOS/Source/portable/MemMang/heap_4.o

.debug_line     0x00000000     0x901f
 .debug_line    0x00000000      0x6be ./Core/Src/freertos.o
 .debug_line    0x000006be     0x1092 ./Core/Src/main.o
 .debug_line    0x00001750      0x7b1 ./Core/Src/stm32f4xx_it.o
 .debug_line    0x00001f01      0x4fb ./Core/Src/system_stm32f4xx.o
 .debug_line    0x000023fc       0x7a ./Core/Startup/startup_stm32f446retx.o
 .debug_line    0x00002476      0x622 ./Drivers/STM32F4xx_HAL_Driver/Src/stm32f4xx_ll_exti.o
 .debug_line    0x00002a98      0x871 ./Drivers/STM32F4xx_HAL_Driver/Src/stm32f4xx_ll_gpio.o
 .debug_line    0x00003309     0x1046 ./Drivers/STM32F4xx_HAL_Driver/Src/stm32f4xx_ll_rcc.o
 .debug_line    0x0000434f      0xb16 ./Drivers/STM32F4xx_HAL_Driver/Src/stm32f4xx_ll_tim.o
 .debug_line    0x00004e65      0x71e ./Drivers/STM32F4xx_HAL_Driver/Src/stm32f4xx_ll_usart.o
 .debug_line    0x00005583      0xa35 ./Drivers/STM32F4xx_HAL_Driver/Src/stm32f4xx_ll_utils.o
 .debug_line    0x00005fb8      0x725 ./Middlewares/Third_Party/FreeRTOS/Source/list.o
 .debug_line    0x000066dd     0x1860 ./Middlewares/Third_Party/FreeRTOS/Source/tasks.o
 .debug_line    0x00007f3d      0x7a6 ./Middlewares/Third_Party/FreeRTOS/Source/portable/GCC/ARM_CM4F/port.o
 .debug_line    0x000086e3      0x93c ./Middlewares/Third_Party/FreeRTOS/Source/portable/MemMang/heap_4.o

.debug_str      0x00000000    0xaeea2
 .debug_str     0x00000000    0xaeea2 ./Core/Src/freertos.o
                              0xa25b6 (size before relaxing)
 .debug_str     0x000aeea2    0xa58c0 ./Core/Src/main.o
 .debug_str     0x000aeea2    0xa25af ./Core/Src/stm32f4xx_it.o
 .debug_str     0x000aeea2    0x8b45b ./Core/Src/system_stm32f4xx.o
 .debug_str     0x000aeea2       0x80 ./Core/Startup/startup_stm32f446retx.o
 .debug_str     0x000aeea2    0x8badc ./Drivers/STM32F4xx_HAL_Driver/Src/stm32f4xx_ll_exti.o
 .debug_str     0x000aeea2    0x8ce5f ./Drivers/STM32F4xx_HAL_Driver/Src/stm32f4xx_ll_gpio.o
 .debug_str     0x000aeea2    0x95968 ./Drivers/STM32F4xx_HAL_Driver/Src/stm32f4xx_ll_rcc.o
 .debug_str     0x000aeea2    0x905a3 ./Drivers/STM32F4xx_HAL_Driver/Src/stm32f4xx_ll_tim.o
 .debug_str     0x000aeea2    0x972ff ./Drivers/STM32F4xx_HAL_Driver/Src/stm32f4xx_ll_usart.o
 .debug_str     0x000aeea2    0x98064 ./Drivers/STM32F4xx_HAL_Driver/Src/stm32f4xx_ll_utils.o
 .debug_str     0x000aeea2     0xacee ./Middlewares/Third_Party/FreeRTOS/Source/list.o
 .debug_str     0x000aeea2     0xd059 ./Middlewares/Third_Party/FreeRTOS/Source/tasks.o
 .debug_str     0x000aeea2     0x8894 ./Middlewares/Third_Party/FreeRTOS/Source/portable/GCC/ARM_CM4F/port.o
 .debug_str     0x000aeea2     0xb630 ./Middlewares/Third_Party/FreeRTOS/Source/portable/MemMang/heap_4.o

.comment        0x00000000       0x43
 .comment       0x00000000       0x43 ./Core/Src/freertos.o
                                 0x44 (size before relaxing)
 .comment       0x00000043       0x44 ./Core/Src/main.o
 .comment       0x00000043       0x44 ./Core/Src/stm32f4xx_it.o
 .comment       0x00000043       0x44 ./Core/Src/system_stm32f4xx.o
 .comment       0x00000043       0x44 ./Drivers/STM32F4xx_HAL_Driver/Src/stm32f4xx_ll_exti.o
 .comment       0x00000043       0x44 ./Drivers/STM32F4xx_HAL_Driver/Src/stm32f4xx_ll_gpio.o
 .comment       0x00000043       0x44 ./Drivers/STM32F4xx_HAL_Driver/Src/stm32f4xx_ll_rcc.o
 .comment       0x00000043       0x44 ./Drivers/STM32F4xx_HAL_Driver/Src/stm32f4xx_ll_tim.o
 .comment       0x00000043       0x44 ./Drivers/STM32F4xx_HAL_Driver/Src/stm32f4xx_ll_usart.o
 .comment       0x00000043       0x44 ./Drivers/STM32F4xx_HAL_Driver/Src/stm32f4xx_ll_utils.o
 .comment       0x00000043       0x44 ./Middlewares/Third_Party/FreeRTOS/Source/list.o
 .comment       0x00000043       0x44 ./Middlewares/Third_Party/FreeRTOS/Source/tasks.o
 .comment       0x00000043       0x44 ./Middlewares/Third_Party/FreeRTOS/Source/portable/GCC/ARM_CM4F/port.o
 .comment       0x00000043       0x44 ./Middlewares/Third_Party/FreeRTOS/Source/portable/MemMang/heap_4.o

.debug_frame    0x00000000     0x2cd4
 .debug_frame   0x00000000       0x38 ./Core/Src/freertos.o
 .debug_frame   0x00000038      0x7b8 ./Core/Src/main.o
 .debug_frame   0x000007f0      0x130 ./Core/Src/stm32f4xx_it.o
 .debug_frame   0x00000920       0x58 ./Core/Src/system_stm32f4xx.o
 .debug_frame   0x00000978      0x1bc ./Drivers/STM32F4xx_HAL_Driver/Src/stm32f4xx_ll_exti.o
 .debug_frame   0x00000b34      0x1c0 ./Drivers/STM32F4xx_HAL_Driver/Src/stm32f4xx_ll_gpio.o
 .debug_frame   0x00000cf4      0x87c ./Drivers/STM32F4xx_HAL_Driver/Src/stm32f4xx_ll_rcc.o
 .debug_frame   0x00001570      0x538 ./Drivers/STM32F4xx_HAL_Driver/Src/stm32f4xx_ll_tim.o
 .debug_frame   0x00001aa8      0x240 ./Drivers/STM32F4xx_HAL_Driver/Src/stm32f4xx_ll_usart.o
 .debug_frame   0x00001ce8      0x418 ./Drivers/STM32F4xx_HAL_Driver/Src/stm32f4xx_ll_utils.o
 .debug_frame   0x00002100       0xd8 ./Middlewares/Third_Party/FreeRTOS/Source/list.o
 .debug_frame   0x000021d8      0x77c ./Middlewares/Third_Party/FreeRTOS/Source/tasks.o
 .debug_frame   0x00002954      0x1a8 ./Middlewares/Third_Party/FreeRTOS/Source/portable/GCC/ARM_CM4F/port.o
 .debug_frame   0x00002afc      0x12c ./Middlewares/Third_Party/FreeRTOS/Source/portable/MemMang/heap_4.o
 .debug_frame   0x00002c28       0x20 /Applications/STM32CubeIDE.app/Contents/Eclipse/plugins/com.st.stm32cube.ide.mcu.externaltools.gnu-tools-for-stm32.13.3.rel1.macos64_1.0.0.202411102158/tools/bin/../lib/gcc/arm-none-eabi/13.3.1/../../../../arm-none-eabi/lib/thumb/v7e-m+fp/hard/libc_nano.a(libc_a-memset.o)
 .debug_frame   0x00002c48       0x2c /Applications/STM32CubeIDE.app/Contents/Eclipse/plugins/com.st.stm32cube.ide.mcu.externaltools.gnu-tools-for-stm32.13.3.rel1.macos64_1.0.0.202411102158/tools/bin/../lib/gcc/arm-none-eabi/13.3.1/../../../../arm-none-eabi/lib/thumb/v7e-m+fp/hard/libc_nano.a(libc_a-init.o)
 .debug_frame   0x00002c74       0x2c /Applications/STM32CubeIDE.app/Contents/Eclipse/plugins/com.st.stm32cube.ide.mcu.externaltools.gnu-tools-for-stm32.13.3.rel1.macos64_1.0.0.202411102158/tools/bin/../lib/gcc/arm-none-eabi/13.3.1/thumb/v7e-m+fp/hard/libgcc.a(_aeabi_uldivmod.o)
 .debug_frame   0x00002ca0       0x34 /Applications/STM32CubeIDE.app/Contents/Eclipse/plugins/com.st.stm32cube.ide.mcu.externaltools.gnu-tools-for-stm32.13.3.rel1.macos64_1.0.0.202411102158/tools/bin/../lib/gcc/arm-none-eabi/13.3.1/thumb/v7e-m+fp/hard/libgcc.a(_udivmoddi4.o)

.debug_line_str
                0x00000000       0x64
 .debug_line_str
                0x00000000       0x64 ./Core/Startup/startup_stm32f446retx.o
